三国志 批1深修 PUA 悬置（2026-09-10）
已定谳 66 码位（避讳玄弘胤、同码同字律、平行典故）；残余 □ 待人工核点校本：
…见大军退其守备解散公乃宻遣解□高祚等乘险夜袭大破之斩其将杨…
…战危事也是以六国力战彊秦承弊□王不争周道用兴愚谓大王且当委…
…吾闻夙沙之民自缚其君以归神农□国之众襁负其子而入鄷镐斯岂驱…
…所致哉乃风化动其情而仁义感其□欢心内发使之然也以此而推西南…
…兴辇毂祸由阉宦董卓乘衅恶甚浇□劫迁省御太仆宫庙遂使九州幅裂…
…搜扬侧陋举汤代禹防才岩穴取士□戸唯徳是萦弗拘祢祖宅士之表道…
…为蔽木户后从陈国袁敏学以单攻□每为若神对家不知所出先曰若逢…
…乃奢靡是务中尚方纯作玩弄之物□燿后园建承露之盘斯诚快耳目之…
…岁伪大将军费袆驱率羣众隂图闚□道经汉寿请会众宾修于广坐之中…
…夫追加褒宠所以表扬忠义祚及后□所以奬劝将来其追封修为长乐乡…
…中书监安阳亭侯臣诞散骑常侍臣□臣仪关内侯臣芝尚书仆射光禄大…
…有靡艾之助寒浞谗慝不德于民浇□无亲外内弃之以此有国盖有所因…
…祥盖所以彰显神异也惟予小子支□末流谬为灵祗之所相祐也岂敢自…
…城杀吏交尸盈原裸民满野或有髠□髪肤割截支体寃魂痛于幽防创痍…
…得入布不知反者为谁直牵妇科头□衣相将从溷上排壁出诣都督高顺…
…辟司徒府除卢奴令冀州举尤异迁□州刺史丹阳太守是时邉方有警羌…
…前日不遗比辱雅贶述叙祸福公私□至所以不即奉荅者既学薄才钝不…
…云云者仆以是知足下之言信不由□将以救祸也必欲算计长短辩谘是…
…甫嵩为征西将军表请武将召拜谦□武都尉与嵩征羌大破之后边章韩…
…天咸闻陛下嘉美洪烈懿兹武功诞□休命宠亚齐鲁下及陪臣普受介福…
…道忠至义尽为九州表方今二敌闚□未知孰定是之不戒而渊是害茹柔…
…京宻十余县皆拔之以前后功拜鹰□校尉迁□武中郎将天子都许拜洪…
…烧贼芜湖营数千家迁征东将军领□州刺史进封安阳乡侯【魏书曰休…
…军击权大将吕范等于洞浦破之拜□州牧眀帝即位进封长平侯呉将审…
…百并前五千五百戸迁大司马都督□州如故太和二年帝为二道征呉遣…
…少聪博有胆智以督军御史中丞诣□州讨袁术防术病卒因以为□州刺…
…言诚仲尼述作之意显制度于当时□名于后世岂不盛哉若须武事毕而…
…稽服之可期将此既新平江汉威慑□越资刘表水战之具借荆楚檝櫂之…
…然之乃解印绶间行归家与范避地□州袁术备礼招请范称疾不往术不…
…求能读者从受之又宻喻防旬日得□读者遂往受业吏因请使作笺比方…
…贼杀其郡冠盖有欲讨之意而力未□建安十二年太祖北征乌丸未至先…
…如畴志即墨翟兼爱尚同之事而老□使民结绳之道也外议虽善为复使…
…鲁国之法鲁人有为臣妾扵诸侯有□赎之者取其金扵府子贡赎人而辞…
…有难夜往奔融贼初发融谓左右曰□冐难来唯王修耳言终而修至复署…
…也书何为防乃藏书于家而行原旧□饮酒自行之后八九年间酒不向口…
…因曰邴君所谓云中白鹤非鹑鷃之□所防罗矣又吾自遣之勿复求也遂…
…迎原曰贤者诚难测度孤谓君将不□来而逺自屈诚副饥虚之心谒讫而…
…弘深有逺识恢恢然使求之者莫之□测也官厯二官元康初为城阳太守…
…礼庶必可致至延西序坐而论道必□昭明古今有益大化】遂下诏曰太…
…之政与生殊趣将安乐山林往而不□反乎夫以姬公之圣而耉徳不降则…
…防布襦袴布裙随时单复出入闺庭□自任杖不须扶持四时祠祭辄自力…
…参踪巢许斯亦圣朝同符唐虞优贤□厯垂声千载【今文尚书曰优贤□…
…其所厯试左思魏都赋曰优贤着扵□厯也】虽出处殊涂俯仰异体至扵…
…及即之熙熙然甚柔而温因其事而□之扵善是以渐之者无不化焉宁之…
…也一不得犯其部落一川赖昭咸无□□天下安辑徙宅宜阳【髙士传曰…
…同乎俗内秉纯絜心非其好王公不□屈年八十而不倦于书籍者吾扵胡…
…年小有母先与相扶接避白波东客□州取妇建安初来西还武阳诣太阳…
…结防已来未及其至也岂羣言之所□髣髴常心之所得测量防彼行人所…
…之处延年厯百夀越期颐虽丄识不□尚也自羲皇已来一人而已矣魏氏…
…一升而止臣松之案魏畧云焦先及□沛并作蜗牛庐止其中以为蜗当作…
…国渊亦其次也张承名行亚范可谓□弟矣田畴抗节王修忠贞足以矫俗…
…孙氏吏不防执○太平御览作吏不□得百姓称之注魏畧曰修为司金中…
…以行正思经国之髙略内鉴近戒外□逺节深惟储副以身为寳而猥袭虞…
…不禁婚姻也太祖外虽寛容而内不□平御史大夫郗虑知防以法免融官…
…公向荆州表子琮降以节迎曹公诸□皆疑诈曹公以问子伯子伯曰天下…
…理人情淫利为法所禁法禁扵利势□害之青蝇横生为臣作谤谤臣之人…
…问仁人斯言何为至扵我防遂遁匿□山术知夔终不为己用乃止术従兄…
…公府掾属古之造士也必擢时隽搜□英逸得其人则论道之任隆非其才…
…县为乱夔遣吏王钦等授以计略使□散之旬月皆平定是时太祖始制新…
…生乱是复有一卓也若抑之则力不□制祗以遘难又何能济且可规大河…
…有罪庸世之治耳今宥所疑以隆易□之义不亦可乎太祖□其议厯甘陵…
…盖君防设教不能使吏必不犯也吏□犯教而不防使君必不闻也夫设教…
…芝教曰凡物有相似而难分者自非□蒌鲜防不惑就其实然循行何忍重…
…精兵逆之援至果轻渡汾众止之不□济水未半击大破之【司马彪战畧…
…所宜勒故作斯铭勒之釜口庶可赞□洪美垂之不朽臣松之按汉书郊祀…
…旂黼黻雕戈尸臣拜首稽首曰敢对□天子丕显休命此殆周之所以褒赐…
…扵荀公之清谈孙权之娬媚执书嗢□不能离手若权复□当折以汝南许…
…有以生易死不訾之恩外无以刖易□骇耳之声议者百余人与朗同者多…
…也正元中毌邱俭文钦反毓持节至□豫州班行赦令告谕士民还为尚书…
…孙壹率众降或以为吴新有衅必不□复出军东兵已多可湏后问毓以为…
…此必无成而祸将及族子其无往洪□歆言而止后芬果败洪乃服举孝防…
…清静不烦吏民感而受之【魏畧曰□州刺史刘繇死其众愿奉歆为主歆…
…礼便向歆拜华峤谱叙曰孙策畧有□州盛兵狥豫章一郡大恐官属请出…
…盛衰今听孝亷不以经试恐学业遂□此而废若有秀异可特徴用患扵无…
…食为本使中国无饥寒之患百姓无□士之心则天下幸甚二贼之衅可坐…
…庶以欺诈用全首领得尔与不具以□对朗称禽虏对使者曰朗以琐才误…
…者无不育之累壮而后役则幼者无□家之思二毛不戎则老者无顿伏之…
…林髙禖所以祈休祥又所以察时务□敎化稽古先民开诞庆祚旧时皆在…
…疾非徒不得贤更开失贤之路増玉□之倾无乃居其室出其言不善见违…
…亦约其身以及家俭其家以施国用□嚢括五湖席卷三江取威中国防覇…
…防号称升平防致刑错孝武之所以□奋其军势拓其外境诚因祖考畜积…
…事之位损不急之禄止浮食之费并□容之官使官必有职职任其事事必…
…才力莫相倚杖敷奏以言明试以功□之与否简在帝心是以唐虞之设官…
…以赠终可使称皇以配其諡明帝不□使称帝乃追諡曰汉孝献皇帝【孙…
…转相供奉是以丁夫疲扵力作农者□其南畆种谷者寡食谷者众旧谷既…
…本阙庭作关廷此指王邑佩印绶径□河北诣许自归而言作关廷误今依…
…卿为魏郡太守在城中其父元长在□州太祖遣人迎之昭书与春卿曰盖…
…谓兄涣曰亡母之言可以行矣涣曰□可尔晔即入室杀侍者径出拜墓舍…
…之遂不责也汝南许劭名知人避地□州称晔有佐世之才□士多轻侠狡…
…神可学而得乎及见太祖太祖果问□州先贤贼之形势四人争对待次而…
…果如晔言】五年幸广陵泗口命荆□州诸军并进防羣臣问权当自来不…
…甚厚又致其子于本郡以为孝廉而□丰子后为尚方吏帝以职事谴怒欲…
…　　刘馥字元颖沛国相人也避乱□州建安初说袁术将戚寄秦翊使率…
…掾后孙防所置庐江太守李述攻杀□州刺史严象庐江梅干雷绪陈兰等…
…之难谓馥可任以东南之事遂表为□州刺史馥既受命单马造合肥空城…
…照城外视贼所作而为备贼以破走□州士民益追思之以为虽董安于之…
…守乃遣济还州又语张辽乐进等曰□州刺史晓达军事动静与共咨议建…
…吏二千石已下故其状皆言严能鹰□有督察之才不言安静寛仁有恺悌…
…昔先帝东征亦幸于此亲发徳音褒□逵美徘徊之心益有慨然夫礼贤之…
…公諡曰武公魏畧列传以逵及李孚□沛三人为一卷今列孚沛二人继逵…
…绩之法不着阅七圣而课试之文不□臣诚以为其法可粗依其详难备举…
…农】浑兄防与荀攸等谋诛董卓为□州刺史卒【张璠汉纪曰防字公业…
…所畏服而明公权以为爪牙壮夫震□况小丑乎七也又明公之将帅皆中…
…身自武关走东归后将军袁术以为□州刺史未至官道卒时年四十一】…
…万余分为十部夜急攻郃郃率亲兵□战备不能克其后备于走马谷烧都…
…营诣晃贼围头有屯又别屯四冢晃□声当攻围头屯而密攻四冢羽见四…
…果有令辽至以语太祖太祖善之拜□威将军假节后权乞降太祖还留霸…
…鸣天云垣其既立兮家愿得而获逞□仁化于宇内兮尽肃恭于上京惟桓…
…兮岂足方乎圣明休矣美矣恵泽逺□翼佐我皇家兮宁彼四方同天地之…
…而言也昔仲宣独步于汉南孔璋鹰□于河朔伟长擅名于青土公干振藻…
…未易轻弃也辞赋小道固未足以揄□大义彰示来世也昔杨子云先朝执…
…官之实録辨时俗之得失定仁义之□成一家之言虽未能藏之名山将以…
…足免戾甘赴江湘奋戈吴越天启其□得会京畿迟奉圣顔如渴如饥心之…
…匪游仆夫警防平路是由玄驷蔼蔼□镳防沬流风翼衡轻云承盖涉涧之…
…四寳者伏朽石之下潜污泥之中而□光千载之上发彩畴昔之外亦皆未…
…水自澡讫傅粉遂科头拍袒胡舞五□鍜跳九击剑诵俳优小説数千言讫…
…像擢拜尚书郎像以兼有文武出为□州刺史粹后为军谋祭酒与陈琳阮…
…督军粮冶书侍御史兄喜字公穆晋□州刺史宗正喜为康传曰家世儒学…
…祸应覆族遭乾坤之灵值时来之运□汤止沸使不燋烂起烟于寒灰之上…
…可先遣歩兵五千精骑三千军前发□声进道震曜形势骑到合肥疏其行…
…求助也其诗曰骐骥马不试婆娑槽□间壮士志未伸坎轲多辛酸伊摰为…
…之声止妇女之送禁吊祭之宾无设□治粟米之奠又戒后亡者不得入藏…
…所被实有深浅若乃经纬天人立言□制百王莫之能违彞伦资之以立诚…
…道近鉴狡肆徇利之凶心胜之以解□之仁致之以来苏之惠燿之以雷霆…
…界界实以王翁河为限而鄃以马丹□为验诈以鸣犊河为界假虚讼诉疑…
…余年徴拜城门校尉阜常见明帝着□被缥绫半褎袖阜问帝曰此于礼何…
…北宋本作敕叙从阜阜常见明帝着□被缥绫半褎袖○何焯曰□上宋书…
…还如是质帐下都督素不相识先其□归请假还家隂资装百余里要之因…
…叶于旧交则违乆要之义于子孙则□人前世之恶于夫鄙懐深所不取善…
…以淮南初定转基为征东将军都督□州诸军事进封东武侯基上疏固让…
…名迹正始初为征东将军假节都督□州诸军事二年吴大将全琮数万众…
…诞为镇南都督豫州俭为镇东都督□州吴太傅诸葛恪围合肥新城俭与…
…恪退还初俭与夏侯玄李丰等厚善□州刺史前将军文钦曹爽之邑人也…
…队夜夹攻军俶率壮士先至大呼大□军军中震扰钦后期不应防明俶退…
…杵臼擅名于前代而使大魏独无鹰□之士与今大吴敦崇大义深见愍悼…
…以为淮南牙门将转为庐江太守鹰□将军王浚奏钦贪残不宜抚边求免…
…待之不治钦事复遣还庐江加冠军□军贵宠逾前钦以故益骄好自矜伐…
…为前将军以安其心后代诸葛诞为□州刺史自曹爽之诛钦常内惧与诸…
…任軄复以诞为御史中丞尚书出为□州刺史加昭武将军王凌之隂谋也…
…军东伐以诞为镇东将军假节都督□州诸军事封山阳亭侯诸葛恪兴东…
…复以为镇东大将军仪同三司都督□州吴大将孙峻吕据留赞等闻淮南…
…倾帑蔵振施以结众心厚养亲附及□州轻侠者数千人为死士【魏书曰…
…被诏书愈恐遂反召防诸将自出攻□州刺史乐綝杀之【世语曰司马文…
…是遣充至夀春充还啓文王诞再在□州有威名民望所归今征必不来祸…
…綝此必綝所为乃将左右数百人至□州□州人欲闭门诞叱曰卿非我故…
…歴南门宣言曰当还洛邑暂出游戏□州何为闭门见备前至东门东门复…
…杀綝诞表曰臣受国重任统兵在东□州刺史乐綝専诈説臣与吴交通又…
…宠鸯葬钦忘畴昔之隙不咎诞众使□士懐愧功髙而人乐其成业广而敌…
…为其母传曰夫人张氏字昌蒲太原□氏人太傅定陵成侯之命妇也世长…
…足则损在其中矣勉思其戒是时大□军曹爽专朝政日纵酒沉醉防兄侍…
…督关中诸军事文王勅青徐兖豫荆□诸军并使作船又令唐咨作浮海大…
…从剑阁出新都大渡截其前参军爰□将军句安等蹑其后参军皇甫闿将…
…里同风九州共贯臣輙奉宣诏命导□恩化复其社稷安其闾伍舎其赋调…
…一营营六十人且田且守兼修广淮□百咫二渠上引河流下引淮颍大理…
…昨使医曹吏刘租针胃管讫便苦欬□欲卧不安佗曰刺不得胃管误中肝…
…佗令此儿彊死也初军吏李成苦欬□昼夜不寤时吐脓血以问佗佗言君…
…无由出也夫同情者相妬同事者相□中人所不能免也故君子不以人妨…
…横起怒气电飞山崩石飞树木摧倾□尘万里仰不见天鸟兽藏窜兆民骇…
…百歩之中形象浅弱所通者近何能□景云而驰东风辂言君不见隂阳燧…
…精雉者离之鸟兽者武之神故太白□辉则鸡鸣荧惑流行则雉惊各感数…
…弹曲直拙而不工也若敷皇羲之典□文孔之辞周流五曜经纬三度口满…
…金鐡为兵器能刺韦作文绣织缕氊□有病知以艾灸或烧石自熨烧地卧…
…断刑狱觧囚徒在国衣尚白白布大□袍袴履革鞜出国则尚缯绣锦罽大…
…也【魏畧曰旧志又言昔北方有槀□之国者其王者侍婢有身王欲杀之…
…夜无休其舞数十人俱起相随踏地□昂手足相应节奏有似铎舞十月农…
…献生口倭锦绛青缣緜衣帛布丹木□短弓矢掖邪狗等壹拜率善中郎将…
…故差池在后将二千人与羽飞俱未□系瑜盖为进退之计也孙盛曰刘备…
…襄阳襄阳男子张嘉王休献玉玺玺□汉水伏于渊泉晖景烛燿灵光彻天…
…禄用考咨前训开国胙土率遵旧典□兹玄牡苴以白茅永为魏藩辅徃钦…
…于车上立柱维磔之击鼓以令于市□莫敢识者而其党伍共簒觧之得脱…
…间问曰此军何如获对曰向者不知□实故败今恬赐观看营阵若秪如此…
…任干国之重而乆自挹损非所以光□洪烈矣今复君丞相君其勿辞【汉…
…顿兵相持坐而湏老使北贼得计非□之上者昔孝文卑辞匈奴先帝优与…
…尼得招而褰裳管豹变于受命贡感□以回庄异徐生之摘寳释卧龙于深…
…羽潜师宻发按吕蒙传云伏精兵于□□之中使白衣摇橹作啇贾服以此…
…诚海内咸知敬祀而正史犹存旧諡□寓讥评非所以传信万世也今当抄…
…臣统其荀彧之仲叔正其程郭之俦□邪【先主与曹公争势有不便宜退…
…在京师志匡王室今虽临荒域不得□与夲朝亦国家之藩镇足下之外援…
…负于余州也严君平见黄老作指归□雄见易作太玄见论语作法言司马…
…本望乎羕曰老革荒悖可复道邪【□雄方言曰灭鳃干都耆革老也郭璞…
…失故奴婢賔客百数十人君以中郎□军居府方之气类犹为上家若都护…
…府长史蒋琬琬允咸保仪疑延仪等□山通道昼夜兼行亦继延后延先至…
…【防阳记曰魏咸熙元年六月镇南□军卫瓘至于成都得璧玉印各一枚…
…　谯周字允南巴西西充国人也父□字荣始治尚书兼通诸经及图纬州…
…惟大晋应符御世运无常通时有屯□神州丘墟三方圯裂兎置絶响于中…
…尉孟郁之族○郁后汉书灵帝纪作□光解正愼宜不为放谈○宜疑作密…
…功曹时雍闿等闻先主薨于永安骄□滋甚都防李严与闿书六纸解喻利…
…退之日然后诸城并出与游军并力□之此殄敌之术也于是令督汉中胡…
…孔雀翡翠鬬鸭长鸣鸡羣臣奏曰荆□二州贡有常典魏所求珍玩之物非…
…杨粲救南郡朱桓以濡须督拒仁时□越蛮夷多未平集内难未弭故权卑…
…将军贺达等将兵万人金寳珍货九□备物乘海授渊【江表传载权诏曰…
…足以明露公私分计足用相保尽言□諌所望诸君拾遗补阙孤亦望之昔…
…事陛下身自御戎取乱侮亡宜涤荆□之地举彊羸之数使彊者执防羸者…
…作好名好字又令相配所行不副此□字伯明者也孤常哂之或师友父兄…
…之迄次子名雵雵音如兕觥之觥字□□音如玄礥首之礥次子名壾壾音…
…能言乃手书呼丞相濮阳兴入令子□出拜之休把兴臂而指□以托之】…
…皇帝尊母何为太后十月封休太子□为豫章王次子汝南王次子梁王次…
…身本郡逾越侪类位极朝右不能赞□盛化养之以福今妖讹横兴干国乱…
…成字凡二十云楚九州渚呉九州都□州士作天子四世治太平始【江表…
…将军司马伷向涂中安东将军王浑□州刺史周浚向牛渚建威将军王戎…
…海松阳人栁荣从悌至杨州荣病死□中二日时军已上岸无冇埋之者忽…
…国电发荆南权略纷纭忠勇伯世威□则夷羿震荡兵交则丑虏授馘遂扫…
…时云兴之将带州颷起之师跨邑哮□之羣风驱熊罴之族雾集虽兵以义…
…也魏人据中夏汉氏有岷益呉制荆□而有交广曹氏虽功济诸华虐亦深…
…除侍御史不就避乱淮浦诏书以为□州刺史时袁术在淮南繇畏惮不敢…
…所授用乃廹逐使去于是术乃自置□州刺史与景贲并力攻英能等嵗余…
…其母母曰我喜汝有以报孔北海也□州刺史刘繇与慈同郡慈自辽东还…
…郎王誧【音普】衔命南行表景为□武将军领郡如故及权少年统业夫…
…博学洽闻尝所知见终身不忘子崇□威将军崇弟朂吴郡太守并知名】…
…军【泭音敷郭璞注方言曰泭水中□也】琨具启策策即行之众悉俱济…
…号亦必谓后降年有永永与朕躬对□天休不寤奄忽大命近止朕恨本意…
…杀朱主埋于石子冈归命即位将欲□葬之冡墓相亚不可识别而宫人颇…
…旅而倾心亲待莫不自尽皎尝遣兵□获魏边将吏美女以进皎皎更其衣…
…将于千里之外欲使如楚任昭奚恤□威于北境非徒相使逞私志而已近…
…今治军诸将少能及者吾无忧矣拜□威将军封沙羡侯呉硕张梁皆裨将…
…丹阳都尉行征虏将军讨平山越为□州刺史刘繇所廹逐因将士众还住…
…赍印绶与丹阳宗帅陵阳祖郎等使□动山越大合众圗共攻防策自率将…
…以得免汉末大乱徐方士民多避难□土昭皆南渡江孙策创业命昭为长…
…为侍中拜羽林都督平三典军事迁□武将军为鲁王霸友党所谮与顾谭…
…后以庸蜀为关河荆楚为维翰闗羽□兵沔汉志陵上国虽匡主定霸功未…
…君子至于逺近士人先后之宜犹或□焉未之能详传曰爱之能勿劳乎忠…
…立太子又领少傅建衡三年晧追叹□父综遗文且命□继作□献诗曰惟…
…嵗何定建议凿圣谿以通江淮晧令□督万人往遂以多盘石难施功罢还…
…昌左部督后定被诛晧追圣谿事下□狱徙广州右国史华覈上疏曰臣闻…
…足纪录至少帝时更差韦曜周昭薛□梁广及臣五人访求徃事所共撰立…
…滞迄今未撰奏臣愚浅才劣适可为□等记注而已若使撰合必袭孚峻之…
…惧坠大皇帝之元功损当世之盛羙□渉学既博文章尤妙同寮之中莹为…
…追以职事见诘责拜表陈谢因过诣□复为人所白云袆不惧罪多将宾客…
…奉书于司马伷王浑王濬请降其文□所造也莹既至洛阳特先见叙为散…
…有条理【干寳晋纪曰武帝从容问□曰孙晧之所以亡者何也□对曰归…
…著书八篇名曰新议【王隠晋书曰□子兼字令长清素有器宇资望故如…
…长者乎薛综学识规纳为呉良臣及□纂蹈允有先风然于暴酷之朝屡登…
…起勒兵就阵瑜乃自兴案行军营激□吏士仁由是遂退权拜瑜偏将军领…
…瑾歩骘连名上疏曰故将军周瑜子□昔防粉饰受封为将不能养之以福…
…驰骛之秋吾方逹此足下不须以子□之言介意也肃从其言瑜因荐肃才…
…于亮若二国史官各记所闻竞欲称□夲国容羙各取其功今此二书同出…
…先遣恬在前防至寻阳尽伏其精兵□□中使白衣揺橹作啇贾人服昼夜…
…轻侠有胆气孙策初兴每从征伐常□军履锋守永平长平治山越奸猾敛…
…初为将谓跨马蹈敌当身履锋足以□名不知乡党复追迹其举措乎于是…
…万余家屯此分布在中庐宜城西山□沔二谷中土地平敞宜桑麻有水陆…
…大将陈牧【九州春秋曰初平三年□州刺史陈祎死袁术使瑀领□州牧…
…遭大风船人覆溺死者数千还军拜□州牧性好威仪州民如陆逊全琮及…
…章安小吏黄他身当白刄济君于难□州从事句章王脩委身授命垂声来…
…同操栁下遭汉中微委言弃禄遁迹□歙以求其志髙邈妙踪天下所闻故…
…下揺荡众聼疑惑非所以永终忠孝□名后世也綝不怿竟立休休初即位…
…于色冠盖交横誓而不许奉白姊妹□巇之中蹈履木火志懐霜雪义心固…
…温称羙蜀政又嫌其声名大盛众庶□惑恐终不为己用思有以中伤之防…
…者夲占候召而温先后乞将到蜀扇□异国为之谭论又礼之还当亲夲职…
…时尚书暨艳盛明臧否差断三署颇□人闇昧之失以显其讁瑁与书曰夫…
…陆绩之于杨玄是仲尼之左丘明老□之严周矣以瑚琏之噐而作守南越…
…【莫候反】主簿任光○各夲俱讹□□候【臣龙官】按鄮莫候反音茂…
…境荒服未庭陛下乗桴逺征必致闚□慼至而忧悔之无及若使大事时防…
…彊由民力财由民出夫民殷国弱民□国彊者未之有也故为国者得民则…
…五兵之则齐其民人均其施泽振义□以罗彊吴明兼爱以革暴俗易生民…
…垂天恩原赦莹罪哀矜庶狱清澄刑□则天下幸甚时师旅仍动百姓疲弊…
…诱魏将诸葛诞权潜军待之和以权□露外次又战者凶事常忧劳憯怛不…
…知所赴晧聼凯自视晧时徙都武昌□土百姓泝流供给以为患苦又政亊…
…言还因具啓凯故辍止】予连从荆□来者得凯所陈晧二十事博问吴人…
…伏念大皇帝创基立业劳苦勤至白□生于鬓肤黄耇被于甲胄天下始静…
…庶绩咸熈矣胤卒子式嗣为柴桑督□武将军天防元年与从兄祎俱徙建…
…献其计今若内兵淮泗据有下邳荆□二州闻声响应臣从河北席卷而南…
…者辅异焉以为军师军中咸敬事之□曰神明建安中孙权在豫章时有星…
…逥筹转策胤不如臣恪尝献权马先□其耳范慎时在坐嘲恪曰马虽大畜…
…劳军综先移恪防曰山越恃阻不賔□世缓则首防急则狼顾皇帝赫然命…
…山积振旅而归进封恪阳都侯加荆□州牧督中外诸军事赐金一百斤马…
…出攻楚身被创痍介胄生虮虱将士□困苦岂甘锋刃而弃安宁哉虑于长…
…欲斫之乃去初赞为将临敌必先被□呌天因抗音而歌左右应之毕乃进…
…装载所取武库兵噐咸令给与【吴□曰綝求中书两郎典知荆州诸军事…
…明防有变綝闻之不恱夜大风发木□沙綝益恐戊辰腊防綝称疾休强起…
…深恨之邵奉公贞正亲近所惮乃共□邵与楼玄谤毁国事俱被诘责玄见…