北齐书 PUA 悬置（2026-09-10）：266 处（151 码位）。无库内平行本，回退 □ 待点校本核补。

U+E862 ×44  …后难测，遂与高乾兄弟及黄门崔同心固请于高祖，言废帝本是…
U+E0EE ×7  …赵诤邮椤＝袢展洌忠嗵焓冢胫危斡淮印一○]…
U+E7BC ×6  …性深刻，为帝所信，荆州疾之如，故纳等因人之欲，抽肠系马…
U+E46C ×6  …史。父文符，通直侍郎。潜容貌伟，善言谈，少有成人志尚。…
U+E40B ×6  …书，为高祖所杀。顗父济及济弟俱奔江南。顗出后。[二○]…
U+E3FD ×5  …而归。又好不急之务，曾一夜索歇，及旦得三升。特爱非时之…
U+E797 ×4  …次长沙，知魏平江陵，已立梁王。乃为梁元举哀，三军缟素。…
U+E0D5 ×4  …袢展洌忠嗵焓冢胫危斡淮印一○]未必稽首天…
U+E0E8 ×4  …私，?⏎酆海儆谓鹇恚跹哉殃冢既粲猩瘢琜一八]…
U+E0E5 ×4  …殿荡尽也。指余棹?⏎诹蕉躺持迦茫蘸汗僦础酰…
U+E1A5 ×3  …邮椤＝袢展洌忠嗵焓冢胫危斡淮印一○]未必…
U+E40A ×3  …庇⒅卦尤尽Ｗ竺裆惺橹芎胝⒒泼爬膳砩省⒅笔⊙客醌…
U+E7A8 ×3  …橹芎胝⒒泼爬膳砩省⒅笔⊙客醌暋⒋髁晷＞浚笃蜕渫…
U+E0D9 ×3  …撤啬怪俑病Ｃ允吨鞫慈耍阂哑芏衲荆矸灼涞吲妫…
U+E669 ×3  …子大宝患伤寒，嗣明为之诊，候，退告杨愔云："邢公子伤寒…
U+E3E7 ×2  …致辟，祎称疾不动。五子，璇、、璞、瑗、瓒，并有志节，为…
U+E413 ×2  …琵琶，能为新曲，招城市年少歌为娱，游集诸倡家。与陈元康…
U+E442 ×2  …扬雄骋羽猎之辞，虽系以隤墙填，乱以收□落网，而言无补于…
U+E0ED ×2  …⒄鸥ㄅ妫赵诤邮椤＝袢展洌忠嗵焓冢胫危斡淮…
U+E035 ×2  …椤＝袢展洌忠嗵焓冢胫危斡淮印一○]未必稽…
U+E194 ×2  …莱百姓，过荷恩私，?⏎酆海儆谓鹇恚跹哉殃冢既…
U+E0EF ×2  …姓，过荷恩私，?⏎酆海儆谓鹇恚跹哉殃冢既粲猩…
U+E0E6 ×2  …酆海儆谓鹇恚跹哉殃冢既粲猩瘢琜一八]占对失图，…
U+E40C ×2  …雠耻而图雪，舟师次乎?⏎洳Ь蛴谙臎I。时遣徐州刺…
U+E0D3 ×2  …耻而图雪，舟师次乎?⏎洳Ь蛴谙臎I。时遣徐州刺史…
U+E3CB ×2  …任约于赤亭湖，景退走，大溃。虏快其余毒，缧囚膏乎野草，…
U+E0E2 ×2  …棹?⏎诹蕉躺持迦茫蘸汗僦础酰俺裰型…
U+E1AA ×2  …迦茫蘸汗僦础酰俺裰型Ｉ沌乱宰嘌裕没粕⒂…
U+E0F2 ×2  …没粕⒂诠侔蔽⑵锸汤桑嗌崛耸乱病；蛐Ｊ模…
U+E292 ×2  …掳送蚓恚粟刃＃糠治⒏庇⒅卦尤尽Ｗ竺裆惺橹…
U+E197 ×2  …尽Ｗ竺裆惺橹芎胝⒒泼爬膳砩省⒅笔⊙客醌暋⒋髁晷＞…
U+E1A4 ×2  …⒗舨可惺樽诨痴⒃蓖饫裳罩啤⒅毖苛跞视⑿Ｊ凡浚⑽…
U+E17A ×2  …宫，乃使骆提婆母陆?⏎衔趾撕魏檎涞任笥遥蠼…
U+E7A6 ×2  …涞任笥遥蠼栽ふ夜伞Ｏ舅恐贾剩枳劣裰澎恚…
U+E1A9 ×2  …夜伞Ｏ舅恐贾剩枳劣裰澎恚靡奈岫握椋堑已蓝…
U+E0F0 ×2  …移稹Ｗ嫘⒄饔檬拢虺棒馊唬逃懈偌鸵印Ｂ嫣崞诺瓤嘈⒄…
U+E43F ×2  …劣诿鹜觥３系』挠诙日锴袼伲仄窖糁糜悖翁…
U+E350 ×2  …糜悖翁浦瘛＝菪∈Ю闫共ⅲ植皇夭⒅荩…
U+E0D4 ×2  …萍ⅲ仪镉┒账蓿痹诩径饰薮宋铩ｖ诺衅鹩谥壑校…
U+E0EC ×2  …⒃缴陂薄Ｗ嘲驳轮徽剑奈渲喔＃墙迤淙缑В…
U+E232 ×1  …，皆使左右乱交之于前。以葛为，令魏安德主骑上，使人推引…
U+E4C0 ×1  …宜都郡王，除领军大将军。寻与郎琊王俨杀和士开，伏诛。伏…
U+E404 ×1  …府行参军、判集书省事。以父騊余没陈，正藻便谢病解职，忧…
U+E3AB ×1  …道，不应遗祠至今，乃伐柏以为郭材。人或劝之不伐，兰根尽…
U+E160 ×1  …而不舍游息。钻味既久，斐{文}如有所见，比之前注，微谓…
U+E40E ×1  …二州境，乃得东出。灵州刺史曹女婿刘丰与元深相交结，元因…
U+E31E ×1  …。」因指以示之，弟子乃见蛇头□裆而不落。法和使忏悔，为…
U+E4D4 ×1  …从我不？"猛又不从。京□乃举曰："尔不从，我必刺尔。"…
U+E0EB ×1  …，名存雀箓；萧?⏎⒄鸥ㄅ妫赵诤邮椤＝袢展洌忠嗵焓…
U+E084 ×1  …⏎⒄鸥ㄅ妫赵诤邮椤＝袢展洌忠嗵焓冢胫危斡…
U+E35F ×1  …洌忠嗵焓冢胫危斡淮印一○]未必稽首天师，…
U+E5A1 ×1  …忠嗵焓冢胫危斡淮印一○]未必稽首天师，方闻牧…
U+E43E ×1  …然草莱百姓，过荷恩私，?⏎酆海儆谓鹇恚跹哉殃冢…
U+E3E0 ×1  …图雪，舟师次乎?⏎洳Ь蛴谙臎I。时遣徐州刺史徐文…
U+E060 ×1  …宫殿荡尽也。指余棹?⏎诹蕉躺持迦茫蘸汗僦础…
U+E435 ×1  …尽也。指余棹?⏎诹蕉躺持迦茫蘸汗僦础酰俺…
U+E18F ×1  …诹蕉躺持迦茫蘸汗僦础酰俺裰型Ｉ沌乱…
U+E48A ×1  …持迦茫蘸汗僦础酰俺裰型Ｉ沌乱宰嘌裕没…
U+E34E ×1  …茫蘸汗僦础酰俺裰型Ｉ沌乱宰嘌裕没粕⒂诠侔…
U+E14B ×1  …汗僦础酰俺裰型Ｉ沌乱宰嘌裕没粕⒂诠侔蔽…
U+E0FE ×1  …俺裰型Ｉ沌乱宰嘌裕没粕⒂诠侔蔽⑵锸汤桑…
U+E294 ×1  …Ｉ沌乱宰嘌裕没粕⒂诠侔蔽⑵锸汤桑嗌崛耸乱病…
U+E028 ×1  …乱宰嘌裕没粕⒂诠侔蔽⑵锸汤桑嗌崛耸乱病；蛐Ｊ…
U+E1FC ×1  …⑵锸汤桑嗌崛耸乱病；蛐Ｊ模跛就奖硭兔馗缶墒掳…
U+E49D ×1  …⑵锸汤桑嗌崛耸乱病；蛐Ｊ模跛就奖硭兔馗缶墒掳送…
U+E0DF ×1  …模跛就奖硭兔馗缶墒掳送蚓恚粟刃＃糠治⒏庇…
U+E1E6 ×1  …跛就奖硭兔馗缶墒掳送蚓恚粟刃＃糠治⒏庇⒅卦…
U+E0CD ×1  …硭兔馗缶墒掳送蚓恚粟刃＃糠治⒏庇⒅卦尤尽…
U+E034 ×1  …缶墒掳送蚓恚粟刃＃糠治⒏庇⒅卦尤尽Ｗ竺裆…
U+E43C ×1  …墒掳送蚓恚粟刃＃糠治⒏庇⒅卦尤尽Ｗ竺裆惺…
U+E41A ×1  …刃＃糠治⒏庇⒅卦尤尽Ｗ竺裆惺橹芎胝⒒泼爬膳…
U+E12B ×1  …砩省⒅笔⊙客醌暋⒋髁晷＞浚笃蜕渫醢⒗舨可惺樽诨…
U+E2BB ×1  …跞视⑿Ｊ凡浚⑽厩湟蟛缓Α⒂分胸┩跣⒓汀⒅惺槔傻溯！⒔…
U+E07B ×1  …！⒔鸩坷芍行毂ㄐＷ硬浚摇踅仔拧⒅惺槔赏豕獭⒔餐跷…
U+E3ED ×1  …⒔鸩坷芍行毂ㄐＷ硬浚摇踅仔拧⒅惺槔赏豕獭⒔餐跷难…
U+E2FF ×1  …摇踅仔拧⒅惺槔赏豕獭⒔餐跷难ё谏埔怠⒅笔⊙恐苋…
U+E1E7 ×1  …跷难ё谏埔怠⒅笔⊙恐苋沸＜恳病Ｊ辈伟亓褐９水K瓯…
U+E18A ×1  …⊙恐苋沸＜恳病Ｊ辈伟亓褐９水K瓯之不算，濯波涛而…
U+E000 ×1  …恐苋沸＜恳病Ｊ辈伟亓褐９水K瓯之不算，濯波涛而无…
U+E317 ×1  …使骆提婆母陆?⏎衔趾撕魏檎涞任笥遥蠼栽ふ…
U+E036 ×1  …?⏎衔趾撕魏檎涞任笥遥蠼栽ふ夜伞Ｏ舅…
U+E489 ×1  …趾撕魏檎涞任笥遥蠼栽ふ夜伞Ｏ舅恐贾剩枳劣…
U+E320 ×1  …撕魏檎涞任笥遥蠼栽ふ夜伞Ｏ舅恐贾剩枳劣裰…
U+E198 ×1  …笥遥蠼栽ふ夜伞Ｏ舅恐贾剩枳劣裰澎恚靡奈岫…
U+E0D1 ×1  …蠼栽ふ夜伞Ｏ舅恐贾剩枳劣裰澎恚靡奈岫握椋…
U+E269 ×1  …贾剩枳劣裰澎恚靡奈岫握椋堑已蓝移稹Ｗ嫘⒄饔…
U+E105 ×1  …枳劣裰澎恚靡奈岫握椋堑已蓝移稹Ｗ嫘⒄饔檬拢…
U+E255 ×1  …澎恚靡奈岫握椋堑已蓝移稹Ｗ嫘⒄饔檬拢虺棒馊…
U+E207 ×1  …堑已蓝移稹Ｗ嫘⒄饔檬拢虺棒馊唬逃懈偌鸵印Ｂ嫣崞…
U+E497 ×1  …稹Ｗ嫘⒄饔檬拢虺棒馊唬逃懈偌鸵印Ｂ嫣崞诺瓤嘈⒄饕…
U+E483 ×1  …懈偌鸵印Ｂ嫣崞诺瓤嘈⒄饕苑ㄉ海诙鲋Ｓ谑墙塘罨杵В…
U+E0F5 ×1  …鸵印Ｂ嫣崞诺瓤嘈⒄饕苑ㄉ海诙鲋Ｓ谑墙塘罨杵В劣…
U+E246 ×1  …Ｂ嫣崞诺瓤嘈⒄饕苑ㄉ海诙鲋Ｓ谑墙塘罨杵В劣诿鹜…
U+E178 ×1  …崞诺瓤嘈⒄饕苑ㄉ海诙鲋Ｓ谑墙塘罨杵В劣诿鹜觥３…
U+E0F1 ×1  …海诙鲋Ｓ谑墙塘罨杵В劣诿鹜觥３系』挠诙日锴…
U+E46A ×1  …罨杵В劣诿鹜觥３系』挠诙日锴袼伲仄窖糁糜…
U+E41C ×1  …劣诿鹜觥３系』挠诙日锴袼伲仄窖糁糜悖翁…
U+E1A0 ×1  …诿鹜觥３系』挠诙日锴袼伲仄窖糁糜悖翁…
U+E0CF ×1  …锴袼伲仄窖糁糜悖翁浦瘛＝菪∈Ю…
U+E091 ×1  …袼伲仄窖糁糜悖翁浦瘛＝菪∈Ю闫…
U+E14F ×1  …袼伲仄窖糁糜悖翁浦瘛＝菪∈Ю闫…
U+E19D ×1  …袼伲仄窖糁糜悖翁浦瘛＝菪∈Ю闫共…
U+E325 ×1  …仄窖糁糜悖翁浦瘛＝菪∈Ю闫共ⅲ植皇…
U+E0CC ×1  …悖翁浦瘛＝菪∈Ю闫共ⅲ植皇夭⒅荩雷…
U+E30D ×1  …翁浦瘛＝菪∈Ю闫共ⅲ植皇夭⒅荩雷呦蜈…
U+E3C6 ×1  …浦瘛＝菪∈Ю闫共ⅲ植皇夭⒅荩雷呦蜈…
U+E117 ×1  …Ю闫共ⅲ植皇夭⒅荩雷呦蜈佄锤挠谙彝臁…
U+E468 ×1  …共ⅲ植皇夭⒅荩雷呦蜈佄锤挠谙彝臁酢酢酢酢…
U+E5D1 ×1  …共ⅲ植皇夭⒅荩雷呦蜈佄锤挠谙彝臁酢酢酢酢酰…
U+E0D7 ×1  …佄锤挠谙彝臁酢酢酢酢酰岸肌醵担撤啬怪俑病…
U+E25C ×1  …谙彝臁酢酢酢酢酰岸肌醵担撤啬怪俑病Ｃ允吨鞫…
U+E426 ×1  …彝臁酢酢酢酢酰岸肌醵担撤啬怪俑病Ｃ允吨鞫…
U+E0D6 ×1  …臁酢酢酢酢酰岸肌醵担撤啬怪俑病Ｃ允吨鞫慈耍…
U+E199 ×1  …酢酢酰岸肌醵担撤啬怪俑病Ｃ允吨鞫慈耍阂哑芏…
U+E26A ×1  …担撤啬怪俑病Ｃ允吨鞫慈耍阂哑芏衲荆矸灼…
U+E267 ×1  …俑病Ｃ允吨鞫慈耍阂哑芏衲荆矸灼涞吲妫Ч偕⒂…
U+E0DC ×1  …Ｃ允吨鞫慈耍阂哑芏衲荆矸灼涞吲妫Ч偕⒂谥穑…
U+E2B3 ×1  …允吨鞫慈耍阂哑芏衲荆矸灼涞吲妫Ч偕⒂谥穑藓…
U+E0E9 ×1  …荆矸灼涞吲妫Ч偕⒂谥穑藓弦粤萍ⅲ仪镉┒账蓿…
U+E190 ×1  …矸灼涞吲妫Ч偕⒂谥穑藓弦粤萍ⅲ仪镉┒账蓿痹…
U+E0DE ×1  …妫Ч偕⒂谥穑藓弦粤萍ⅲ仪镉┒账蓿痹诩径饰…
U+E268 ×1  …⒂谥穑藓弦粤萍ⅲ仪镉┒账蓿痹诩径饰薮宋铩ｖ…
U+E0BE ×1  …粤萍ⅲ仪镉┒账蓿痹诩径饰薮宋铩ｖ诺衅鹩谥壑校…
U+E2F0 ×1  …饰薮宋铩ｖ诺衅鹩谥壑校⒃缴陂薄Ｗ嘲驳轮徽剑…
U+E322 ×1  …薮宋铩ｖ诺衅鹩谥壑校⒃缴陂薄Ｗ嘲驳轮徽剑奈…
U+E455 ×1  …铩ｖ诺衅鹩谥壑校⒃缴陂薄Ｗ嘲驳轮徽剑奈渲…
U+E37B ×1  …⒃缴陂薄Ｗ嘲驳轮徽剑奈渲喔＃墙迤淙缑В…
U+E0DB ×1  …嘲驳轮徽剑奈渲喔＃墙迤淙缑В埔猿晒龋…
U+E02F ×1  …奈渲喔＃墙迤淙缑В埔猿晒龋笾鼽篮螅驳峦…
U+E482 ×1  …奈渲喔＃墙迤淙缑В埔猿晒龋笾鼽篮螅驳峦跹…
U+E0CB ×1  …缑В埔猿晒龋笾鼽篮螅驳峦跹幼谑蘸嫌嘟诓⒅菀…
U+E0E4 ×1  …峦跹幼谑蘸嫌嘟诓⒅菀拐剑笔恕Ｖ苤饔耍虢…
U+E430 ×1  …幼谑蘸嫌嘟诓⒅菀拐剑笔恕Ｖ苤饔耍虢抵苷…
U+E37A ×1  …诓⒅菀拐剑笔恕Ｖ苤饔耍虢抵苷吒嬉孕槭担…
U+E0E1 ×1  …⒅菀拐剑笔恕Ｖ苤饔耍虢抵苷吒嬉孕槭担柿糁…
U+E093 ×1  …拐剑笔恕Ｖ苤饔耍虢抵苷吒嬉孕槭担柿糁撩鞫…
U+E243 ×1  …抵苷吒嬉孕槭担柿糁撩鞫驳掳芤病Ｌ烀莶豢稍倮矗…
U+E3E2 ×1  …槭担柿糁撩鞫驳掳芤病Ｌ烀莶豢稍倮矗滔退烂矶蕖…
U+E275 ×1  …病Ｌ烀莶豢稍倮矗滔退烂矶蕖Ｄ粟嘁缘淇ぃ菀范…
U+E30E ×1  …Ｌ烀莶豢稍倮矗滔退烂矶蕖Ｄ粟嘁缘淇ぃ菀范…
U+E208 ×1  …豢稍倮矗滔退烂矶蕖Ｄ粟嘁缘淇ぃ菀范式颍…
U+E021 ×1  …烂矶蕖Ｄ粟嘁缘淇ぃ菀范式颍莆皆ぃ…
U+E261 ×1  …蕖Ｄ粟嘁缘淇ぃ菀范式颍莆皆ぃ莺咏…
U+E0CE ×1  …Ｄ粟嘁缘淇ぃ菀范式颍莆皆ぃ莺咏颍晕…
U+E025 ×1  …缘淇ぃ菀范式颍莆皆ぃ莺咏颍晕莱轮…
U+E138 ×1  …ぃ菀范式颍莆皆ぃ莺咏颍晕莱轮啤Ｋ…
U+E05B ×1  …莆皆ぃ莺咏颍晕莱轮啤Ｋ购艉蕉盟枷…
U+E193 ×1  …莆皆ぃ莺咏颍晕莱轮啤Ｋ购艉蕉盟枷绲加谏…
U+E24F ×1  …莺咏颍晕莱轮啤Ｋ购艉蕉盟枷绲加谏屏冢琜三七]…
U+E0D8 ×1  …晕莱轮啤Ｋ购艉蕉盟枷绲加谏屏冢琜三七]约以邺…
U+E41F ×1  …中。⏎⏎　　毕义云，小字儿。少粗侠，家在兖州北境，…