南齐书 PUA 悬置（2026-09-10）：100 处（30 码位）。无库内平行本，回退 □ 待点校本核补。

U+E008 ×29  …太学博士崔愝同陶韶议，太常沈倓同李捴议，国子博士刘警…
U+E3AB ×12  …身上马，率数百人出战；贼皆推盾而前，相去数丈，分兵横射…
U+E3FE ×8  …兴世。伪军主沈仲、王张引军自贵口欲断江，安民进军合战破…
U+E467 ×7  …　秋，七月，丁未，诏曰：“交止北景，独隔书朔，斯乃前运…
U+E862 ×5  …趺衔铃，银带玳瑁筒瓦，金涂镂，刀格，织成手匡金花钿锦衣…
U+E4B9 ×4  …寮入临，皆于宫门变戎服，著衣夹，入临毕，出外，还袭戎衣…
U+E4BD ×4  …位。 ⏎　　建元元年，朱爵行华表柱生枝叶。 ⏎　　…
U+E401 ×3  …镇东府。上数幸嶷第。宋长宁陵遂道出第前路，上曰：“我便…
U+E3FF ×3  …彰岌岌，攒岭聚立。嵂吕兀  窟音窟  暐吕今  嵚钦 …
U+E433 ×2  …子卿为庐陵王，应城公子敬为安王，江陵公子懋为晋安王，枝…
U+E41D ×2  …太庙四时祭，荐宣帝面起饼、鸭；孝皇后笋、鸭卵、脯酱、炙…
U+E4C0 ×2  …　　永安  永  不建  犍夏  雍乡  西城  博南…
U+E17E ×2  …其性，上灾宗庙，下灾府榭，内本朝，外阙观，虽兴师众，…
U+E4B8 ×1  …。至班白不婚，露棺累叶，苟相夸衒，罔顾大典。可明为条制…
U+E789 ×1  …上公之神。’又《女巫》云‘旱则舞雩’。郑玄云：‘使女巫…
U+E4BE ×1  …夷竭欢，象来致福。偃风裁化，恒日敷祥。信星含曜，秬草流…
U+E583 ×1  …　巴东郡 ⏎　　鱼复  朐  南浦  聂阳  巴渠 …
U+E567 ×1  …明三年户口簿》无 ⏎　　东牱郡《永明三年户口簿》云“…
U+E82D ×1  …面花钉。幰竿戍校栋梁。下施八，金涂沓，兆床副。人举之。…
U+E4B4 ×1  …，不知文字所在。升明末，县民袭祖行猎，忽见石上有文凡三…
U+E407 ×1  …⏎　　火，南方，扬光辉，出炎龠为明者也。人君向明而治，…
U+E434 ×1  …若其望碑尽礼，我州之旧俗，倾罢肆，鄙土之遗风，庶几弘烈…
U+E0CC ×1  …闻于此。 ⏎　　昔岁桂阳内，宗庙阽危。攸之任官上流，…
U+E403 ×1  …日暮将泊。豫章王于东府乘飞燕东迎，具白上怒之意。世祖夜…
U+E43D ×1  …席。太祖取屐视之，讹黑斜锐，断，以芒接之。问曰：“卿此…
U+E53B ×1  …情，风尘毁谤，随忿而发。及其蒜转积，鹅栗渐盈，远则分鬻…
U+E406 ×1  …，地孽亟臻，民下妖讹，好生噂沓。谷价虽和，比室饥嗛；缣…
U+E3FD ×1  …简  睔矣  焕七曜之文。蟕隽瑁蛑，绮贝绣螺。玄珠互彩…
U+E524 ×1  …远，架宝谕深。琼池玉壑，珠岫岑。合日开夜，舒月解阴。珊…
U+E57C ×1  …肤，澡刷不谨，浣沐失时，四体々，加以臭秽，故苇席蓬缨之…