宋书 PUA 悬置（2026-09-10）：175 处（47 码位）。无库内平行本，回退 □ 待点校本核补。

U+E3AB ×22  …羽盖黄裹，所谓黄屋也。金华施末，建太常十二旒，画日月…
U+E4B9 ×15  …一周为断。”于是至陵变服单衣夹，烦渎无准，非礼意也。至…
U+E4C1 ×14  …木嘉树，其品非一，莫不植根深且，致之未易。藉地广之资，…
U+E4BE ×9  …。舆尸付廷尉；并诛其弟黎民。午骁勇有气力，时人为之语曰…
U+E41D ×9  …英，抽奇丽古，该润图史，施详载，表以功懋往初，德耀炎、…
U+E16F ×7  …殆其应也。”晋惠帝太安中，周家有雌鸡逃承溜中，六七日而…
U+E0F6 ×6  …阳入西戎所造。”汉旧注曰：“，号曰吹鞭。《晋先蚕注》：…
U+E406 ×5  …，构生罪衅。群小之言，远近噂沓，而臣纯愚，暗信必谓不然…
U+E4B8 ×5  …。孔子惧而作《春秋》，诸侯讳石，惧犯时禁，是以微辞妙旨…
U+E404 ×5  …，节至昕阳，川丘夙礼，纲威巡止，表绥中甸，史流其咏，民…
U+E149 ×5  …盖黄裹，所谓黄屋也。金华施末，建太常十二旒，画日月升…
U+E467 ×5  …汉旧县。魏曰许昌、新汲别见、焉陵、长社、颍阴、阳翟四县…
U+E402 ×4  …人之度也，一匹为制。秋分而禾票定，票，禾穗芒也。票…
U+E433 ×4  …符发迹之辰，亲翦凶逆，躬清昏，天地革始，夫妇更造，岂与…
U+E4CC ×4  …同，一旦为之佐，意甚不惬。到笺，唯云“即日恭到，”初无…
U+E403 ×4  …⏎　　鸟则鹍鸿鶂鹄，鹙鹭鸨相。鸡鹊绣质，鶷雊绶章。晨凫…
U+E182 ×4  …怠，宫府觐慰，转阙躬亲。息{大}庸微，过宰近邑，回泽爰…
U+E405 ×3  …。绝人事，游浑元，若疾风游焱飘飘。景未移，行数千，寿如…
U+E583 ×3  …　魏元帝咸熙二年二月甲辰，朐县获灵龟以献。  ⏎　　…
U+E4BC ×3  …正月，桓玄游大航南，飘风飞其卑兒盖。三月，玄败。元兴…
U+E3FE ×3  …尾而波旋。鲈鮆乘时以入浦，鳡迅沿濑以出泉。鱿音优。鳢音…
U+E482 ×3  …以逸民之称。又曰：“子路遇荷丈人，孔子曰：隐者也。”又…
U+E3FF ×2  …律在二律之间，俱发三孔而微硙蒦之，则得大吕变徵之声矣。…
U+E434 ×2  …来，观者满道傍。黄金络马头，何煌煌。桃生露井上，李树…
U+E4BF ×2  …“有大战。”七月，左卫将军陈率众奉帝伐成都，六军败绩…
U+E0F5 ×2  …落。尧时生阶。阙  ⏎　　甫，一名倚扇，状如蓬，大枝…
U+E400 ×2  …。白曰昭只。”《诗》云“萼不韦韦”也。  ⏎　　植…
U+E53F ×2  …羽仪者。  ⏎　　山上则猨貍貛，犴獌猰犭盈。山下则熊…
U+E500 ×2  …。日月投光于柯间，风露披清于岫。夏凉寒燠，随时取适。阶…
U+E4B7 ×2  …奉洪祀，尊戚酬勋，实表心事，比政阙职，所愿匡拯。而嘉言…
U+E40E ×1  …随会。可改构榱桷，修饰丹青，蘩行潦，以时致荐。以纾怀古…
U+E395 ×1  …宣于蕃牧。是以征祥杂沓，符瑞辉。宗庙神灵，乃眷西顾；万…
U+E409 ×1  …跪白：“请省牲。”举手曰：“盾。”太祝令绕牲，举手曰：…
U+E407 ×1  …黄，文极于此，无白冠则某履某耑也。且帻又非古服，出自后…
U+E4F5 ×1  …绍、崔钧之徒，虽为将帅，皆著巾。”  ⏎　　魏武以天…
U+E0D7 ×1  …剑不得鹿卢形；槊毦不得孔雀白；夹毂队不得绛袄；平乘诞马…
U+E0DD ×1  …拓宇。亘地称皇，罄天作主。月来宾，日际奉土。开元首正，…
U+E7B2 ×1  …有大战。”七月，左卫将军陈率众奉帝伐成都，六军败绩，…
U+E43D ×1  …天之灵。迁于圣肾，莫不咸听。乎鼓之，轩乎舞之。精华以竭…
U+E4C3 ×1  …置立。徐曰藉平。  ⏎　　叔安令，《永初郡国》有，何…
U+E53B ×1  …城，仲元击斩之。先是，府中陈告弥有异谋，至是赐钱二十万…
U+E82D ×1  …王妃传令，不得硃服；舆不得重；鄣扇不得雉尾；剑不得鹿卢…
U+E401 ×1  …。刚柔性异，贞脆质殊。卑高沃脊，各随所如。干合抱以隐岑…
U+E506 ×1  …积岭以隐嶙，举峰则群竦以截。浮泉飞流以写空，沈波潜溢…
U+E005 ×1  …，名曰京师，其义趣远有以也。  ⏎列传第四十五　谢庄…
U+E230 ×1  …靡弃能之累，考绩之风载泰，薪之歌克昌。臣生属亨路，身…
U+E4F3 ×1  …远之思，无时去心，故未尝释衣。仁厚之风，行于乡党，邻村…