新五代史 PUA 悬置（2026-09-10）：112 处（21 码位）。无库内平行本，回退 □ 待点校本核补。

U+E863 ×50  …陵，卒年八十五。当卢氏时，刘已取韶州，及全播被执，虔州…
U+E4BE ×13  …初朝京师，逢吉以永吉故秦王从严子，家世王侯，当有奇货，…
U+E16F ×11  …。是时，诸侯多不奉法，邓州陶、亳州李鄴皆以赃污论死，明…
U+E4CC ×6  …之，郓兵才千人，太祖与归厚以子军直冲之，战已合，郓兵大…
U+E4BF ×6  …骂曰：“我兒何负于尔！”行钦真目直视曰：“先皇帝何负于…
U+E400 ×3  …回鹘进奉玉两团及遗秦王金装胡录等来献，明宗曰：“吾已语…
U+E4B8 ×3  …筵，又多选良家子为妾。崔氏性石，良家子之美者，辄幽之别…
U+E40E ×2  …使阎晋卿等率兵拒威，又遣内养脱觇威所向。脱为威所得，…
U+E3FD ×2  …琪而相协，如弃苏合之丸而取蜣良之转也！”重诲笑而止。然…
U+E4BA ×2  …家事也，何必介意乎！”遂俱饮爵。弘肇曰：“安朝廷，定祸…
U+E409 ×2  …月盈日缩，则先中而朔。自古朓肉之法，率皆平行之数；入历…
U+E467 ×2  …之考城更曰戴邑，许州之扶沟、焉陵，陈州之太康隶焉。唐分…
U+E449 ×2  …镇王，洪操万王，洪杲循王，洪息王，洪邈高王，洪简同王，…
U+E862 ×1  …第十五 ⏎　　○硃弘昭 冯附 ⏎　　硃弘昭，太原人…
U+E482 ×1  …虽远而其名愈彰，与乎石门、荷之徒异矣。 ⏎　　与遨同…
U+E836 ×1  …射之，反为贼射中脑，嗣昭顾{服}中矢尽，拔矢于脑，射杀…
U+E401 ×1  …曲，侵夺民田百馀顷，以谓陵园需地。民诉于官，不能决，以…
U+E3AB ×1  …隶焉。 ⏎　　雍丘，晋改曰巳，汉复其故。 ⏎　　长…
U+E406 ×1  …尔入洛而后北。”临诀，执手嘘戏，脱白貂裘以衣高祖，遗以…
U+E4B4 ×1  …自飞狐出击其后，而德钧南出吴，会延寿于西唐，延寿因以兵…
U+E132 ×1  …　契丹阿保机强盛，室韦、奚、皆服属之。奚人常为契丹守界…