新元史 PUA 悬置（2026-09-10）：83 处（53 码位）。无库内平行本，回退 □ 待点校本核补。

U+E4C0 ×9  …。 ⏎⏎　　冬十月，金主竟卒，其叔卫王永济嗣位。帝…
U+E3FF ×4  …、高三州。宋张世杰以宋主罡奔冈洲。参知政事密立忽辛、张…
U+E425 ×4  …，金涂铜铃二，金涂鍮石钹朱缨十二重，金涂木珠流苏十二重…
U+E401 ×3  …等处。 ⏎⏎　　坪普乐重奥等处。又作落重顿。 ⏎…
U+E4BC ×3  …，收系于添额协济者，其事尤胶葛烦碎，为历代所未有焉。今…
U+E3AE ×3  …引二百六十二斤。看详。既有积附余盐数，据至元五年额盐，…
U+E16F ×3  …年，拜中台侍御史。湖州司狱郭诉浙西廉访司佥事张孝思多取…
U+E400 ×2  …毛，其色青黄，类若麟者，以其享上之。 ⏎⏎　　泰定…
U+E0E5 ×2  …奏以丙子观礼。前期一日，布绵金帐殿前，帝及皇后临观于露…
U+E406 ×2  …，不至相仇，恐其部下所为虚声同喝耳。”谟牙代丁不敢复言…
U+E48F ×2  …木儿从军，大败其众。其部将脱见势败，与宗王玉枢虎儿吐华…
U+E39E ×2  …⏎　　太祖十年，木华黎略地奚，珣率吏民出迎，承制以珣为…
U+E409 ×2  …定晦，而不用虚进法，以距离綧肉定交食，其法视古皆密。又…
U+E3AB ×2  …吏弊遂除。郡以七仓储米，岁设欠斗三百人，累年为仓蠹，道…
U+E36C ×2  …，■〈日育攵〉遣其宗子新安公出迎，请使者从梯浦馆，■〈…
U+E800 ×1  …令主矣。然受制母后，嬖幸之臣见权用事，虽稔知其恶，犹曲…
U+E1EB ×1  …李淳风造《麟德历》，以古历章元首分度不齐，始为总法，用…
U+E20B ×1  …《四分历》东汉元和二年乙酉编造，行一百二十一年。至建安…
U+E4A2 ×1  …步，长可二三十步。又以曳埽索径三寸或四寸，长二百余尺者…
U+E305 ×1  …二十三年，又用前抄纸坊大使郭言，立竹课提举司于卫州，管…
U+E37B ×1  …字。 ⏎⏎　　一，雨水氵陋损烂不可辨认者。 ⏎…
U+E3C9 ×1  …。其人以田猎为俗，无所谓搜苗狩也。其战胜攻取，无所谓治…
U+E407 ×1  …祭有三，始烟为歆神，始宗庙则芮萧裸鬯，所谓臭阳达于墙屋…
U+E20E ×1  …。丞相拜住奏建太庙前殿，议行神配享之礼。三月二十三曰，…
U+E326 ×1  …苁薜元德言，彰德路汤阴具北故里城周文王祠，命有司奉祀如…
U+E467 ×1  …捧册宝使、太尉以下奉随由正阶齐，至案前。掌仪赞曰“以册…
U+E836 ×1  …奏乐用龙笛、头管、小鼓、■〈秦〉、筝、琵琶、笙、胡琴、…
U+E365 ×1  …州、登州，杀人而食，得妇女聚而脯之。至是，又逾铁岭，入…
U+E267 ×1  …益谨事北平王。八鲁浑拔都儿粘与海都通，率所部引去；北平…
U+E7CF ×1  …祖命以青庐覆阔阔出尸，严其扃。比三日，失尸所在。太祖曰…
U+E3C0 ×1  …降，在祖合率所部守威宁。金人以大官，使反正，常哥缚其使…
U+E36D ×1  …，檄天翔分理其事。天翔不希旨剔，时论称之，建言：“思、…
U+E11E ×1  …至宿州，遣副使刘仁杰、参议高请入国期，不报。遗书宰相及…
U+E310 ×1  …曰：虽有智慧，不如乘势，虽有基，不如待时，今年谷屡登，…
U+E460 ×1  …鱼之处水，其取之之术，固有筌罟钓之不同，期于得鲂、得鲤…
U+E1D5 ×1  …朝省大政，实行专之。早犹以盗掌阿衡之任，不止流殃于当代…
U+E404 ×1  …其家，曰：“善养之。”乃名曰固，字梦骥，后改今名及字。…
U+E18F ×1  …日一进讲，不逾数刻而罢，而{曰}御小臣恒侍左右，何益于…
U+E449 ×1  …纯为大将军，百寿为郎将。以张为福源女婿，贿遣不绝。 …
U+E4C1 ×1  …　　蒲寿庚，本西域人，与兄寿成以互市至泉州。宋咸淳末，…
U+E13D ×1  …为卫州推官，以便养，仍官其孙秘书郎。八年六月，卒。赠翰…
U+E455 ×1  …之。有嫉其专者，国昌曰：“上其纲，下任其繁，此朝廷之通…
U+E4B7 ×1  …京仓主计吏以久雨米坏，请覆糠比其上，因杂于米中以给内外…
U+E4BD ×1  …然者不惟极尘外趣，兼有去山韶之音。晚归老栖霞，学者称…
U+E4A9 ×1  …者不惟极尘外趣，兼有去山韶之音。晚归老栖霞，学者称湛…
U+E3F8 ×1  …眷中道士萧抱珍，传太一三元法之求，因名其教曰太一。四传…
U+E38D ×1  …。一方遭劫难，六族死俄顷。退落迅风，孤鸾吊空影。簪摧折…
U+E30B ×1  …不免于难，辄取所佩刀，淬厉令甚。琪问何为，对曰：“时事…
U+E49E ×1  …色。至正十五年，随其夫避乱麻山中，为贼所得。胁之曰：“…
U+E80D ×1  …及嗣位，聚宫女于水房，恣为淫。其御史大夫金仁俊乃移置水…
U+E3FD ×1  …饰金碧。剪银叶为钱。其酒出虾柔丹树，甚香美。其俗有名而…
U+E3F3 ×1  …，城始下，槛致撒马尔干，大军银液灌其口耳，以报前仇。 …
U+E49D ×1  …下。以康里兵三万别居一处，令发结辫，示将入军籍，夜乃尽…