旧唐书 PUA 悬置（2026-09-10）：516 处（83 码位）。无库内平行本，回退 □ 待点校本核补。

U+E4C0 ×60  …为丰王，琪为恆王，璿为凉王，敬为汴王。其荣王琬已下并开…
U+E4CC ×49  …志宁卒。十二月丙午，御齐州大。乙卯，命有司祭泰山。丙辰…
U+E065 ×45  …五年，凉州刺史、河西节度王君恃众每岁攻击吐蕃。吐蕃大将…
U+E067 ×31  …定郡开国公。乙酉，襄州剌史裴长流费州，赐死于蓝田驿。庚…
U+E862 ×22  …尚书、应国公、赠并州都督武士为司空。丙子，淄州高苑县吴…
U+E3FF ×22  …坛。礼毕，藏玉册于封祀坛之石感，然后燔柴。燎发，群臣称…
U+E0CB ×14  …每座笾、豆各用十二，簋、簠、、俎各一。上帝则太樽、著樽…
U+E0D7 ×14  …有三；一，大裘冕，二衮冕，一冕，四毳冕，五黻冕，六玄冕…
U+E132 ×12  …陀以同罗、仆骨、回纥、靺鞨、之众度漠，屯于白道川。命营…
U+E3AB ×12  …傍竦四宇之制，遥符六甲之源。牵，二百二十八枚。按《汉书…
U+E807 ×11  …阵于浅水原南以诱之，贼将宗罗并军来拒，玉军几败。既而太…
U+E4C1 ×11  …。癸巳，太仆寺丞令狐丕进亡父亘所撰《代宗实录》四十卷，…
U+E567 ×11  …巂、益州郡，极南河之表，东至柯，皆鹑首分也。鹑首之分，…
U+E4AE ×11  …彦国、彦伟、彦云及播兄据、扌并早孤幼，悉为林氏所训导，…
U+E467 ×10  …尹，邠、宁、庆、晋、绛、慈、显等州节度观察使；以朔方右…
U+E401 ×10  …。凡石磬碑碣、石人兽马、碾硙专瓦、瓶缶之器、丧葬明器，…
U+E403 ×9  …象之。舞三人。绯大袖，并画瞿鹆，冠作鸟像。今案岭南有鸟…
U+E837 ×9  …屯。若杂彩十段，则丝布二疋，二疋，绫二疋，缦四疋。若赐…
U+E16F ×7  …人就第问疾。辛丑，以司农卿李为福建观察使，谏官论其不可…
U+E433 ×7  …，置曲旃。光武又赐东海恭王钟之乐。即汉世人臣，尚有金石…
U+E4BE ×6  …，陈《九部乐》，赐物有差，日失而罢。丙子，皇太子弘设会…
U+E064 ×6  …李宗闵为吏部侍郎时，托驸马沈于宫人宋若宪处求宰相，承和…
U+E3FD ×6  …俊率师次于德、棣二州，将取蛤朵及三汊城。棣州之盐池与蛤…
U+E4BC ×5  …市。京城大索，公卿节将复壁重者皆搜之。庚戌，神策将士…
U+E848 ×5  …，管小州三：贺鲁州、那吉州、夹跌州。户一百五十五，口六…
U+E4B9 ×5  …⏎　　隋制，车有四等，有亘宪、通宪、轺车、辂车。初…
U+E066 ×5  …人甚多，外无墙垣局禁，内有榛溪谷，猛兽所伏，暴慝是凭。…
U+E400 ×4  …，咸带手巾算袋，武官咸带七事占鞢并足。其腰带一品至五品…
U+E4BF ×4  …于志宁等请为九室，太常博士唐等请为五室。高宗令于观德…
U+E47D ×4  …牲币，乐备篪簧。琼羞溢俎，玉浮觞。恭惟正直，歆此馨香。…
U+E583 ×4  …十里。  ⏎　　盛山　汉朐县，属巴郡。蜀分置汉丰县，…
U+E0EE ×4  …格谦为盗数年，兵十余万在豆子中，为太仆卿杨义臣所杀，世…
U+E406 ×4  …何遽持一己之区区，抗群情之噂沓褷，舍勿矜之美，成自我之…
U+E85D ×4  …在史书。又玄宗命中使于江南采诸鸟，汴州刺史倪若水陈论…
U+E85F ×4  …史书。又玄宗命中使于江南采诸鸟，汴州刺史倪若水陈论，…
U+E402 ×3  …京，各服本国之服。罢商州岁贡离胶。辛卯，罢天下榷酒。丁…
U+E148 ×3  …、滑如故；以宣武军节度押衙李为右金吾卫将军。丁未，内出…
U+E434 ×3  …玉帛用《肃和》：  ⏎　　阳播气，甄耀垂明。有赫圆宰…
U+E409 ×3  …前迟定度盈二十五，及退行定度肉十七者，皆以所盈朒度数，…
U+E405 ×3  …于是循墙匍匐，帖然无气，口去心醉，不知所以答矣。  …
U+E407 ×2  …领大都督，左统军隶焉；太宗为敦煌公、右领大都督，右统军…
U+E4B6 ×2  …增税京兆青苗亩三钱，以给掌闲广骑。戊午，以光禄少卿崔穆…
U+E4BD ×2  …相。尝侍宴鱼藻宫。张水嬉，彩监雕靡，宫人引舟为棹歌，丝…
U+E149 ×2  …。京城大索，公卿节将复壁重者皆搜之。庚戌，神策将士王…
U+E4B7 ×2  …。己巳，浙西、淮南各进宣索银庄奁三具。  ⏎　　冬十…
U+E789 ×2  …唯浅，气多堙郁，诚未感通。旱是虞，虫螟为害，蛮蜒未宾于…
U+E068 ×2  …制。  ⏎　　平巾帻，牛角簪，紫衫，白袍、靴，起梁带…
U+E844 ×2  …事。时有玄法寺僧法凑为寺众所，万年县尉卢伯达断还俗，后…
U+E06B ×2  …侯，行吊于国，尚令巫祝先以桃，祓除不祥，然后进吊。今无…
U+E404 ×2  …者駮，金犬今所谓波斯犬也。出娄及大驴、师子、白象、珊瑚…
U+E482 ×2  …　　室韦者，契丹之别类也。居越河北，其国在京师东北七千…
U+E52B ×1  …运。癸酉，张守珪破契丹余众于禄山，杀获甚众。  ⏎　…
U+E232 ×1  …，斩新平太守薛羽、保定太守徐，以其弃郡也。庚子，至乌氏…
U+E794 ×1  …郭钊奏蛮军抽退，遣使赐蛮帅蒙巅国信。辛未，以太子少师李…
U+E005 ×1  …漠消氛。到今遗老，歌咏明君。  ⏎　　本纪第十九上 …
U+E0F9 ×1  …，沙州节度使张义潮进甘峻山青鹰四联、延庆节马二匹、吐蕃…
U+E4B8 ×1  …感神而生。昔帝喾次妃简狄，有戎氏之女，吞玄鸟之卵，因生…
U+E7B2 ×1  …志宁等请为九室，太常博士唐等请为五室。高宗令于观德殿…
U+E06A ×1  …忘古。’《春秋》曰：‘苹蘩、藻之菜，潢污行潦之水，可羞…
U+E827 ×1  …昔黄帝涿鹿有功，以为警卫。故鼓曲有《灵夔吼》、《雕鹗争…
U+E230 ×1  …金商。天严杀气，吹警秋方。燎既积，稷奠并芳。乐以迎奏…
U+E4BA ×1  …若应进者，则供春暴、秋清、酴累、桑落等酒。  ⏎　　…
U+E53B ×1  …若太子亲征及大将出师，则用猳　　。凡有赦，则先建金鸡，…
U+E40E ×1  …⏎　　《刘氏正论》五卷 刘撰。  ⏎　　《阮子正论…
U+E4C6 ×1  …停江淮运脚钱充，并支绫绢、纟、绵，勿令折估。所籴粟等，…
U+E4C7 ×1  …列位，黼奕周庭，辂升玉缀，轩珠棂。皇帝悼鸾掖以追怀，感…
U+E349 ×1  …恶难尽。是以穷奇灾于上国，猰暴于中原。三河纵封豕之贪，…
U+E345 ×1  …则累日朝堂，稽颡请罪，悚惧踧，若无所容。九年，护高祖山…
U+E0E9 ×1  …慕义，无以供其求；符瑞虽臻，罗犹密；积岁丰稔，仓廪尚虚…
U+E82D ×1  …昔黄帝涿鹿有功，以为警卫。故鼓曲有《灵夔吼》、《雕鹗争…
U+E859 ×1  …抑竖刁、易牙之权，任蘧瑗、史之直，薄征驰力，恤隐迨鳏，…
U+E519 ×1  …时服杂俸钱为赃者，炎命酷吏员深按其事，贬汀州司马。寻征…
U+E4B4 ×1  …“鼠子，折人脚犹不能，敢称健乎！”乃自置其足教折之。临…
U+E41D ×1  …　　○李揆　李涵　陈少游　卢　裴谞  ⏎　　李揆字端…
U+E254 ×1  …⏎　　段秀实，字成公，陇州阳人也。祖达，左卫中郎。父…
U+E170 ×1  …，再拜，跪奠于舅席前。退降受，盛以腶修。升，北面再拜，…
U+E48A ×1  …阙、尚书郎、知制诰。故相令狐、魏扶，皆父贡举门生，为之…
U+E43D ×1  …都于伊阙南置平泉别墅，清流翠，树石幽奇。初未仕时，讲学…
U+E5D2 ×1  …外戚传》，以存鉴诫焉。###独孤怀恩，元贞皇后弟之子也…
U+E4F1 ×1  …，曳一大木千人，置号头，头一，千人齐和。明堂大屋凡三层…
U+E839 ×1  …。口不言人过，尤好释典；屏绝亶味，出言未曾负诺，时论以…
U+E0EB ×1  …之侍卫，有兵五千人，能用弩及，以藤为甲，以竹为弓，乘象…
U+E4B0 ×1  …货。人皆深目长鼻。致敬极者，氐足摩踵。家有奇乐倡伎。其…