明史 PUA 悬置（2026-09-10）：866 处（61 码位）。无库内平行本，回退 □ 待点校本核补。

U+E3AB ×119  …王，桢楚王，榑齐王，梓潭王，巳赵王，檀鲁王，从孙守谦靖…
U+E407 ×110  …泽王，衡主允熞怀恩王，徐王允熙敷惠王，随母妃吕氏居懿文…
U+E16F ×105  …《东湖稿》十二卷⏎　　《罗奏议》一卷，《文集》十八卷…
U+E401 ×77  …之。宁夏、庆阳相继陷，韩王亶脊被执。十二月壬戌，张献忠…
U+E4C0 ×62  …平凉新旧辽饷。壬申，总兵官邓巳、左良玉剿河南贼。五月乙…
U+E3FF ×27  …四年五月改属州。南滨海，中有冈洲。有冈洲巡检司，在洲…
U+E4C2 ×26  …，减死罪以下。⏎　　是年，加思兰入居河套，与阿罗出…
U+E7B7 ×26  …减死罪以下。⏎　　是年，加思兰入居河套，与阿罗出合…
U+E4AE ×25  …文广武洪仁大孝肃皇帝，讳厚，宪宗孙也。父兴献王祐杬，…
U+E4BF ×24  …十余里，工作甚难，不若益墩台守。”乃增赤城等堡烟墩二…
U+E0C3 ×23  …⏎　　夏四月丁未朔，安南胡气袭陈氏封爵，遣使察实以闻…
U+E4C1 ×21  …。⏎　　栖霞府东南。东有岠禺山，尝产金，亦名金山。又…
U+E406 ×18  …，倭犯朝鲜，陷王京，朝鲜王李公奔义州求救。六月丁未，诸…
U+E82D ×16  …夏四月乙丑，封皇子樉为秦王，晋王，棣燕王，橚吴王，桢楚…
U+E837 ×15  …帘梳一，银簪二。大袖衫，绫罗绢随所用。霞帔施绣云霞练鹊…
U+E149 ×14  …和之曲》：制帛牲牢，庶羞芬。玉戚硃干，协于韶箫。清醑…
U+E449 ×14  …则寺正母德纯、蒋同仁，寺副王、刘道，评事陈大纲、钟云瑞…
U+E836 ×12  …住《幻住诗》一卷⏎　　清{詹}《兰江望云集》二卷⏎…
U+E400 ×11  …一品、二品用银ＡＹ，铁事件，占用描银。三品至五品，用银…
U+E43D ×10  …，杖编修章懋、黄仲昭，检讨庄，谪官有差。是月，程信破山…
U+E4BD ×10  …，大小相比，或百或五十联为一宗，募惯习水工领之，而充以…
U+E40E ×9  …汝宁府之汝水。西南有沙水，即水也。又北有澧水，下流归故…
U+E3FD ×6  …足如鸡距，不噬不惊，或言此肥遗也。十八年七月，猗氏大水…
U+E4BE ×6  …、梁，皆谓纽星即不动处。惟祖恒之测知纽星去极一度有余。…
U+E848 ×5  …势无所分杀，遂泛滥北决。今惟丽上流东南之故道，相度疏浚…
U+E491 ×5  …。⏎　　三十一年，楚宗人华等言：“华奎与弟宣化王华壁…
U+E168 ×5  …过汴，汴父老遮道，言按察使王贤，以诬逮诏狱，愿皇上加察…
U+E003 ×4  …，元为兴和路治。洪武中俱废。距北平都司里。⏎　　宽河…
U+E789 ×4  …雨者也。后世此礼不传，遇有旱，辄假异端之人为祈祷之事，…
U+E405 ×4  …卷，《补遗》六卷⏎　　马焱《南粤概》四卷⏎　　黄佐…
U+E467 ×4  …，不为意。十三年冬，李自成连舀永宁、宜阳。明年正月，参…
U+E402 ×4  …下，为世名臣云。⏎　　次子道，以廕补尚宝丞。成化中，…
U+E409 ×3  …寿和之曲》：制帛牲牢，庶羞芬。玉戚硃干，协于韶箫。清…
U+E404 ×3  …增设录事，及典厩、典牧二署，肃騻等十八群，滁阳等八牧监…
U+E4A6 ×3  …⏎　　哀冲太子载基庄敬太子载景王载圳颍王载啇戚王载沴蓟…
U+E839 ×3  …履清白，性严毅。每旦趋朝，小外庐，立双藤户外。百僚过者…
U+E862 ×3  …傅锁儿罪，谏止江南采翠毛、鱼等使。权贵忌之，蜚语闻。会…
U+E14F ×2  …有黑水，即槐水也，流合县南之水。⏎　　临城州西南。南…
U+E230 ×2  …以祀天神，则有禋祀、实柴、燎之礼，以祀地祇，则有血祭…
U+E403 ×2  …一月，荞麦、甘蔗、天鹅、鹚老、鹿。十二月，芥菜、菠菜、…
U+E4BC ×2  …马都尉胡观越制乘晋王济熹硃棕轿，为给事中周景所劾。…
U+E4BA ×2  …石。二十一年七月，有疾。赐内昷，手诏存问。卒，赠皖国公…
U+E7B2 ×2  …私数事，且曰：“体仁生平，纟臂涂颜，廉隅扫地。陛下排众…
U+E807 ×1  …五分三七六六零二。⏎　　罗至后策五千三百三十三万六二…
U+E17E ×1  …。盛乐斯举，香气氤氲。精禋孔，彻于紫冥。恳祈膏泽，渥我…
U+E827 ×1  …文，抹金铜鈒花叶片装钉。红髹，饰以抹金铜凤头、凤尾。青…
U+E47D ×1  …典试以为常。是年开宗科，硃慎成进士，从宗彦、国祚请，即…
U+E48A ×1  …德。又明年谒长、献二陵，帝亲鞬骑导。至河桥，下马扶辇。…
U+E4C3 ×1  …聪浼、聪泈、俊难、俊榷、俊朵、俊杓、俊噤、充焞，皆娴…
U+E4A3 ×1  …，万历四年薨。无子，弟康王常由安城王嗣，万历二十五年薨…
U+E482 ×1  …得输官。粟谷、穈黍、大麦、荞二石，准米一石。稻谷、敔秫…
U+E4B8 ×1  …以代民间杂办及逋租。其为政，韱悉周密。尝置二簿识民善恶…
U+E4B0 ×1  …以故人乐为用。又尝荐杨守随、钟、屠滽辈，皆有名于世。睦…
U+E41D ×1  …宋景、张岳、王道、欧阳德、范皆长者。用卒，闻渊代，自处…
U+E765 ×1  …（子汝稷汝说）田一俊?咍蝽鯈懋学从孙寿民）黄凤翔（韩世…
U+E859 ×1  …士之用乎！凡绝饵而去者，必非鱼；恋栈而来者，必非骏马。…
U+E008 ×1  …其同类攻击，欲必去之。御史顾慥首劾廷弼出关逾年，漫无定…
U+E433 ×1  …数日，良柱乘贼不备，与副将邓等侵早雾迫之，贼大溃。成名…
U+E434 ×1  …破，率亲丁鏖战城南，与参将张俱死。部将二十人、兵民万余…
U+E2B5 ×1  …，骤畀京卿。他如袁弘勋、杨文、刘泌、王燧、黄鼎等，或行…
U+E254 ×1  …矣。是月，犯阶、徽。未几，出、陇，犯凤翔，渡渭河。⏎…