晋书 PUA 悬置（2026-09-10）：489 处（52 码位）。无库内平行本，回退 □ 待点校本核补。

U+E449 ×171  …，子世嗣。丙戌，慕容隽死，子嗣伪位。二月，凤皇将九雏见…
U+E16F ×55  …甲子，大赦。丙寅，扬州秀才周、前南平内史王矩、前吴兴内…
U+E4BF ×29  …门。秋七月丙申朔，右卫将军陈以诏召百僚入殿中，因勒兵…
U+E406 ×25  …婢炊饭，忽有群乌集灶，竞来啄敢，婢驱遂不去。有猎狗咋杀…
U+E7B2 ×22  …。秋七月丙申朔，右卫将军陈以诏召百僚入殿中，因勒兵讨…
U+E3AB ×18  …，则祸在中。五诸侯南三星曰天尊，主盛饘粥以给贪馁。积水…
U+E404 ×15  …。 ⏎　　味　　昆泽　　存邑　　新定　　谈槁　　母单…
U+E4C0 ×14  …王奕为车骑将军。封武陵王晞子逢为梁王。交州刺史温放之帅…
U+E4F3 ×11  …游冠，平上帻武冠。其素服，白单衣。后汉以来，天子之冕，…
U+E403 ×11  …物情！玄鸟纡幕，而不被害？尺隼远巢，咸以欲死。眄彼梁鱼…
U+E4C1 ×9  …宁泄。考卜惟王，乘飞驻轸，睨弇山而镌勒，览曾城以为玩。…
U+E1D6 ×9  …信，明如皎日。”主簿陈廞、褚曰：“奉省教旨，伏用感叹。…
U+E467 ×8  …编　苟漏　望海　[B231]娄　　西于　　武宁　　硃鸢…
U+E3FF ×7  …律在二律之间，俱发三孔而徵硙蒦之，则得大吕变徵之声矣。…
U+E232 ×6  …世，弥加礼重。宪有二子：挹、，并以文才知名。仕季龙为…
U+E4B9 ×5  …曲城　　黄有莱山、松林莱君祠弦侯国。有百支莱王祠。 …
U+E3FD ×5  …坠，所谓高蝉处乎轻阴，不知螳良袭其后也。 ⏎　　赞曰…
U+E409 ×5  …绝笔而已。” ⏎　　卓军次者口，闻王师败绩，停师不进…
U+E4CC ×5  …士庶畏之过于仲堪。玄曾于仲堪事前戏马，以槊拟仲堪。迈时…
U+E149 ×4  …　　沾　　上艾　　寿阳　　阳　　乐平 ⏎　　雁门郡…
U+E4BE ×4  …长史刘畴在密为坞主，中书令李恆、太傅参军驺捷刘蔚、镇军…
U+E4C7 ×4  …人相食。初，关东谣曰：“幽州，生当灭。若不灭，百姓绝。…
U+E583 ×3  …，水陆并进，溯沔而上，至于朐，拔其新丰县。军次丹口，遇…
U+E53B ×3  …布；江汉气劲如杼，济水气如黑，渭水气如狼白尾，淮南气如…
U+E400 ×3  …士齐心旅，感义忘其私。积势如郭弩，赴节如发机。嚣声动山…
U+E401 ×3  …损，下田所在停汙，高地皆多硗脊，此即百姓困穷方在来年。…
U+E848 ×3  …咳唾成珠玉，挥袂出风云。岂肯敝薜鄙事，取才进人，此又…
U+E4BC ×2  …⏎　　沾　　上艾　　寿阳　　阳　　乐平 ⏎　　雁门…
U+E345 ×2  …悦。先示太子少傅卫瓘，瓘大踧，众人乃知瓘先有毁言，殿上…
U+E4A3 ×2  …无所知。时时能骑马，倒著白接。举鞭问葛疆：何如并州兒？…
U+E407 ×2  …兮，袭采云以为裳。要华电之煜龠兮，珮玉衡之琳琅。明景日…
U+E844 ×2  …国苦人也。少好学，有文义。父立宅起门，頵曰：“当使容马…
U+E005 ×2  …吴道存。专洞之德，咸摛左言。 ⏎列传第五十九 ⏎　…
U+E3FE ×2  …乃操柂正橹，折旋中流，初作鲻鸟跃，后作鯆孚引，飞鹢首…
U+E567 ×1  …天子诎，后妃颛，妻不一。二曰云，如狗，赤色，长尾；为乱…
U+E167 ×1  …亦各随五时之色，白马则硃其尾，左右騑骖，金[B080…
U+E836 ×1  …不巾不盖，建矛戟麾幢，置弩{服}于轼上。大驾法驾出，射…
U+E17E ×1  …“徐、扬二州土宜三麦，可督令地，投秋下种，至夏而熟，继…
U+E405 ×1  …辞也。”恭寻死，京都又大行亥疾，而喉并喝焉。 ⏎　　…
U+E519 ×1  …谈，其所从来远矣。故能母仪天，助宣王化，德均载物，比大…
U+E4B8 ×1  …揆亡，明神所嘉。诸姑姊妹，娣以媵御。追送尘轨，号咣衢路…
U+E4B7 ×1  …恺、羊琇之徒以奢靡相尚。恺以台澳釜，崇以蜡代薪。恺作紫…
U+E789 ×1  …⏎　　其一曰，耕夫务多种而耕不熟，徒丧功力而无收。又旧…
U+E1CF ×1  …而映盖。蹈烟煴兮辞天衢，心闣兮识故居。路遂遒兮情欣欣，…
U+E859 ×1  …蹈翠云以骇逸龙，振光耀以惊沈。徒屈蟠于陷井，眄天路而不…
U+E56C ×1  …，蔑昆吾之功，嗤桓文之勋，抵管仲，蹉雹晏婴。其远则欲升…
U+E4AE ×1  …水。遐阡绳直，迩陌如矢。{艹}犗服于缥轭兮，绀辕缀于黛…
U+E501 ×1  …瑟虚玄，溟海浑濩涌其后，嶰谷嶆张其前，寻竹竦茎廕其壑，…
U+E4C6 ×1  …劝琨除润，琨不纳。初，单于猗以救东嬴公腾之功，琨表其弟…
U+E837 ×1  …夫！稚川束发从师，老而忘倦。奇册府，总百代之遗编；纪化…
U+E254 ×1  …，饰哀矜之苦言。今华阳乂清，陇顺轨，关中余烬，自相鱼肉…
U+E845 ×1  …，宝在长安，与韩黄、李根等因摴蒱，宝危坐整容，誓之曰：…