梁书 PUA 悬置（2026-09-10）：123 处（29 码位）。无库内平行本，回退 □ 待点校本核补。

U+E4BE ×22  …一被伤奔走。癸丑，交州刺史杨票克交趾嘉宁城，李贲窜入獠…
U+E4C0 ×18  …礼文所涉书，略皆遍睹。沛国刘献为儒者宗，嘉其学，深相赏…
U+E40E ×16  …诏尚书曹郎依昔奏事。林邑、干利国各遣使献方物。冬十一月…
U+E405 ×15  …每哭辄呕血。家贫，与弟杳、高相笃励学。既长，博涉多通。…
U+E41D ×7  …载渴且饥。岂可久稽众议，有旷则！旧郊既复，函、雒已平。…
U+E232 ×7  …吏部尚书王褒为尚书右仆射，刘为吏部尚书。西魏遣大将尉迟…
U+E401 ×4  …忍酷。自紫庭绛阙，胡尘四起，需垣好畤，冀马云屯，泣血治…
U+E4BC ×4  …以罪咎劾人。门下客尝盗脱志车宪卖之，志知而不问，待之如…
U+E3AB ×3  …。朕沐浴斋宫，虔恭上帝，祗事燎，高熛太一，大礼克遂，…
U+E848 ×3  …事。嶷尝问蔼风土旧俗，城隍基寺，山川险易，蔼随问立对，…
U+E4BD ×3  …，一时无对。初赴衡州，于两艖符，起三间通梁水斋，饰以珠…
U+E491 ×2  …音。其中有可以率先卿士，准的庶，菲食薄衣，请自孤始。加…
U+E4B8 ×2  …祖光有天下，庆命傍流，枝戚属连，咸被任遇。萧景之才辩识…
U+E467 ×2  …⏎　　庾仲容，字仲容，颍川焉陵人也。晋司空冰六代孙。…
U+E230 ×1  …朕沐浴斋宫，虔恭上帝，祗事燎，高熛太一，大礼克遂，感…
U+E149 ×1  …以遣累，必违人而后豁。或结于岩根，或开棂于木末。室暗…
U+E345 ×1  …工视道根，使图其形像。道根踧谢曰：“臣所可报国家，惟余…
U+E433 ×1  …之。追谥曰安。有五子缉、休、、操、素，并知名。 ⏎　…
U+E434 ×1  …右手牵狗，遇绪船至，便放绁脱，拜于水次。绪曰：“一身两…
U+E4B6 ×1  …意。既同魏侯致礼之请，庶无辟畺三缄之叹。” ⏎　　是…
U+E844 ×1  …。 ⏎　　庐陵威王续，字世，高祖第五子，天监八年，封…
U+E406 ×1  …鸣呼。既有书问，云雨传流，噂沓其间，委悉无因详究。 …
U+E43D ×1  …弟而谁？岂得自违物望，致招群！其间患难，具如所陈。斯理…
U+E862 ×1  …，时亦以此称之。 ⏎　　子，秘书丞，早卒。 ⏎　　…
U+E4BF ×1  …，欲胁朝廷邪？”景横刃于膝，真目叱之。浚正色责景曰：“…
U+E449 ×1  …设氈屋，耀军城东陇上，芟除草，开八道向城，遣五千兔头肉…
U+E3FE ×1  …，缌功以还，穷刀极俎，既屠且会。岂有率土之滨，谓为王臣…
U+E402 ×1  …左光禄。祖凝，齐尚书右丞。父夌，后军参军。严幼有孝性，…
U+E837 ×1  …姻备六礼。知书疏。种桑麻。出、绢、精布、漆、蜡、椒等。…