淳化秘阁法帖考正 PUA 悬置（2026-09-10）：106 处 / 31 码位。无平行本，回退 □ 待核。

U+ECDE ×19  …万发兵按文义当是方刻时失上一耳或作一力二字尤误⏎　　…
U+E177 ×18  …触发遂有刋误之作则米老为其前而发其覆者晋玉也靖康之乱元…
U+E7E8 ×8  …是即位时事也⏎　　大观帖阙天下旧章慰六字大庆答三字右…
U+E7E9 ×8  …耳作眄作盼似未是⏎　　再世名当是防名黔江帖正作智永…
U+E9DB ×5  …作闻□一作鸿一作防俱可疑□如断当是疟如复断或作疾亦通□…
U+E645 ×5  …目误⏎　　述书赋称望之草书古而老此六行笔势糺绕与章帝…
U+E3BD ×5  …刘作至具愿不既误再拜诸本皆作□惟泉本多一折作□⏎　…
U+EC55 ×4  …大理玉雪家吾宗损庵先生以模入冈帖中状貌与此同而精神笔法…
U+EF38 ×3  …登权以幼辞权外托事魏而诚心不魏遣侍中辛毗等往与权盟并索…
U+EE60 ×3  …逯韵防音代及也钟繇力命表有复逯及语孙作人姓音録于文义不…
U+E172 ×3  …驶合为一字耳示下糢糊一字□所当是良所刘施作君非□□当…
U+EA7A ×3  …防次其间所以贵之耳太宗于草圣为深妙何乃特不晓此释智永字…
U+E880 ×3  …述释文之误⏎　　以上皆临江⏎　　潭帖⏎　　曹士冕…
U+EBFC ×2  …盖史以其无甚奇特故不具载公权书兄弟同气之情故应备及耳此…
U+F529 ×1  …亦可疑□美阳一作刘美阳一作到阳俱可疑⏎　　后汉崔子玉…
U+EA76 ×1  …是计一误作此⏎　　亮曰帖寃当是亮曰章草曰字正如此刘施…
U+EB08 ×1  …⏎　　顾云此帖语重十卷但十以损亦二字合作处字又少一云…
U+EB6D ×1  …俱可疑当由摹有失笔想二□旧作或作康顾作庾顾或是速□刘顾…
U+EEDE ×1  …首多一折当是一服散旧释俱失之厘顾云药名即苔也又可作纸南…
U+EA32 ×1  …书词语多同笔法亦相似万谢万也虎未详⏎　　热日更甚帖…
U+EF33 ×1  …其笔法深谨与自慰毒热两帖絶相无右军龙翔凤翥之势亦当断以…
U+EF3A ×1  …字亦是桓温未入洛前语⏎　　令宅图帖⏎　　顾汝和云刘…
U+E3C5 ×1  …⏎　　□□四十字并也刘误作州徐澄斋误作卅水丘与帖首丘字…
U+E7AF ×1  …此果将何所为据乎⏎　　脚及痛气当作脚及耳痛气言脚与耳…
U+F655 ×1  …葢以逸少尝书道徳经换鵞山隂昙邨道士举羣赠之故傅会作此帖…
U+E518 ×1  …辍耕録云今世言淳化阁帖用银锭枣木板刻而以澄心堂纸李廷珪…
U+E7EC ×1  …翼本且以厚纸覆板上隠然为银锭以惑人第损剥非复旧本之遒劲…
U+EC4A ×1  …州已而刻石湮地中乆之时出光怪马皆惊怖发之即是帖也故泉人…
U+ED3A ×1  …　　须是字外有笔大力囘旋空际绕如游丝如飞龙突然一落去来…
U+EB1E ×1  …为顔真卿稍坚卓则为栁公权稍纎则为钟绍京稍腴润则为吕向稍…
U+EF2A ×1  …澹逺为不失山隂规格也北海惟岳寺碑渊浑有风骨云麾碑则鼓努…