金史 PUA 悬置（2026-09-10）：131 处（37 码位）。无库内平行本，回退 □ 待点校本核补。

U+E4CC ×21  …帅。庚戌，以重九拜天于节度使，群臣陪从成礼，上面谕之曰…
U+E4C0 ×12  …屯忠孝为尚书右丞。户部尚书梁堂为参知政事。六月壬寅，更…
U+E1B6 ×11  …副元帅完颜谋衍复败窝斡于霿{松}河。辛巳，宴夏使贞元殿…
U+E434 ×10  …丽国牒报，其王以老疾，令母弟权国事。壬午，尚书省行推排…
U+E827 ×10  …：⏎　　鼓吹令二人⏎　　鼓十二　　金钲十二⏎　　…
U+E400 ×6  …，布神位，省牲器，陈御弓矢弓蜀于上下神位之右。其斋戒、…
U+E3AB ×5  …申，黄龙府置钱帛司。戊子，赵咢诬告其父昏德公谋反，咢…
U+E862 ×5  …世宗遣滕王府长史鳷、御院通进来护视。十二月，进封原王，…
U+E401 ×5  …三年废为县。有辽河。⏎　　邑楼辽旧兴州人中军常安县，…
U+E232 ×4  …。上次凉陉大旱。使萧彦让、田决西京囚。秋七月癸卯朔，日…
U+E132 ×4  …权知制诰，除中书舍人。讨平白，拜枢密直学士，权翰林学士…
U+E3FD ×3  …于隆庆宫。丁丑，诏罢西北路虾麻山市场。⏎　　八月癸未…
U+E237 ×2  …。⏎　　初，桓赧兄弟之变，鲁部卜灰、蒲察部撒骨出助之…
U+E4CE ×2  …胡沙责授咸平路兵马总管。万户头屯古北口。⏎　　十二月…
U+E409 ×2  …日损益率。驯积损益其气盈缩、肉磕积，为每日盈、朒磕积。…
U+E3FF ×2  …三人。节级二人，铜锣，七宝，俞石、银钩各一，铁钩二，小…
U+E43D ×2  …绶半之。白玉双佩、革带、玉钩。⏎　　冕制。天板长一尺…
U+E0D7 ×2  …衮冕而下如王之服，候伯之服自冕而下如公之服’。又后魏帝…
U+E4BE ×2  …、马政、养兵等法载诸旧史者，户列于篇。⏎　　金之初年…
U+E16F ×2  …乃曰瑜，神土门日璋，阿思懑曰，阿离合懑曰彖。二十七年…
U+E789 ×2  …大兵虽罢，而边事方殷，连岁旱，灾异数见。又多变更制度，…
U+E4BF ×2  …俯瞰关内。宋人守关者望之，骇咢不能立。中军急攻，宋兵溃…
U+E40E ×1  …至是始定。在位十三年，宫室苑无所增益。末听大臣计，传位…
U+E41D ×1  …体肥重，不便鞍马驰突。卿平日捷有将略，万一得免，祚胤不…
U+E13E ×1  …　禹城有黄河、济河、淇河、氵水。镇三新安、仁水寨、黎济…
U+E4BA ×1  …，实以醴齐。第二等，山尊实以是齐。内濆内，蜃尊实以泛齐…
U+E404 ×1  …人。苍乌旗、兕旗、牦牛旗、騼蜀旗，赤熊旗、白狼旗、金鹦…
U+E406 ×1  …已尝备细言之。谋里野阿浑所言煞是，只杀挞不野则南路无忧…
U+E0D0 ×1  …寅，告天地宗庙。丁巳，剪{髟}，奏告天地宗庙。戊午，册…
U+E811 ×1  …司讲究防秋，庸陈便宜曰：“自延至积石，虽多沟坂，无长河…
U+E17E ×1  …曰：“日者君之象，阳之精，旱乃人君自用亢极之象，宰执以…
U+E0D4 ×1  …毄唬骸拔乙砸凰篮吹1111校鹄矗惚形抟妗！彼烀粛于…
U+E08B ×1  …唬骸拔乙砸凰篮吹1111校鹄矗惚形抟妗！彼烀粛于阵…
U+E0D9 ×1  …乙砸凰篮吹1111校鹄矗惚形抟妗！彼烀粛于阵。皇统…
U+E4B9 ×1  …授，束修有余辄分惠人。弟子班冘贫不能朝夕，一女及笄，去…
U+E433 ×1  …察之使循行四方。世宗承海陵凋之余，休养生息，迄于明昌、…
U+E837 ×1  …臣阿鲁图仰承隆委，俯竭微劳。石室之文，诚乏司马迁之作，…