金石文字记 PUA 悬置（2026-09-10）：194 处 / 48 码位。无平行本，回退 □ 待核。

U+E7E8 ×66  …□替又遭乱秦□□□□□□冯神彼飞雉□□□□□□符瑞灵支…
U+E7E9 ×22  …变为勑而后人因之【淮南子重九注音整形也六朝时敕字多改…
U+EBAA ×18  …后自制七言一首侍逰应制皇太子显太子左奉裕率兼检校安北大…
U+E526 ×8  …其文有云晳为韩魏者析之异米巫虐者凶之异嵗在汁洽者协之异…
U+EA23 ×7  …中嘉靖三十四年地震碑毁华州郭伯有此拓本文字完好今藏华隂…
U+E803 ×7  …皇帝太后不跳行不空阙犹存古式字三见曰法身凝曰防礼禅…
U+ECDE ×6  …朝廷求三代鼎彛器程唐为陜西提茶马李朝孺为陜西转运遣人于…
U+E7EC ×5  …葬寔为寔箕子为萁子往为住厥为邅为亶颠为辛为亲因为囙桴…
U+E8C8 ×5  …县残缺⏎　　其文有曰悯兹视即肉字谓蚩愚之人也史记李…
U+EE40 ×4  …漂揺为防防虑为螭为蠄裔为带为诉为雏为浏为淄俯…
U+EE60 ×3  …　开运二年⏎　　今在太原县山寺内元人重刻⏎　　天龙…
U+EF01 ×2  …古録曰后汉熊君碑其书显字皆为按説文显从防声而转为累其失…
U+EEA3 ×2  …训言晋宋以来多能书者故其时俗相染尚所有部帙楷正可观不无…
U+E35E ×2  …丑鸟误作乌　鸟鹊丑鸟误作乌　大误作大麕⏎　　凡经中…
U+E656 ×2  …曾【邹鲁】　□咒【巫祝】　□【肴觞】　华□【夷】　曾□…
U+F892 ×2  …【疑】峰构　□□【扶疎】　【象】　菀【苑】　□【胥】…
U+E3D4 ×2  …⏎　　叶慧明碑　【弥】　【象】　考盘【槃】　遁代【…
U+EDA1 ×1  …光续志云象书独歩汉末况体兼篆诚宜居周鼓秦刻之次魏钟繇诸…
U+EB48 ×1  …在鄂州题云齐国録事叅军琅邪王制则作文人姓名前此已有书之…
U+EE4C ×1  …多作伪字始以巧言为辨至隋有栁其字又以巩易巧矣　困学纪闻…
U+EABB ×1  …上尊号奏北齐南阳寺碑固已书为矣【汉人碑亦或作后周华岳…
U+E480 ×1  …　　赵崡曰万厯戊午四月余为九之逰距昭陵十里宿髙生俨家翼…
U+EECC ×1  …⏎　　朱彛尊曰碑文有云挥霜而斩老生盖从太宗攻霍邑者按…
U+EA27 ×1  …碑凡大周年者天作而地作埊人作圣作□臣作□年作□月作□亦…
U+F8C7 ×1  …部然而蚩之从防岊之从巴黎之从薛之从虚之从□鼎之从析□…
U+E2DD ×1  …之从防岊之从巴黎之从薛之从虚之从□鼎之从析□益之从横…
U+EEE5 ×1  …一端矣⏎　　冯本残碑　□朝撰　八分书　先天元年十一月…
U+EC69 ×1  …寺外栢林上大枝小叶无不周徧凝垂滴甘甜如蜜当寺临坛大德僧…
U+E879 ×1  …大食三侑侑误作宥　大师令奏鼓鼓误作瞽大祝四曰禜禜误作荣…
U+EF6B ×1  …其与今文不同而两通者　医师疕者疕上多一有字　野庐氏有相…
U+F52A ×1  …延尸延误作筵　有司彻二手执挑枋挑误作桃　主妇洗爵于房中…
U+E1C0 ×1  …字　缁衣有国家者章⏎　　义恶脱家字　儒行慎静而尚寛脱…
U+EDF8 ×1  …年余不忍其訽訽误作询　取人于苻之泽苻误作符　二十一年心…
U+E5E2 ×1  …　凡经中虎字皆缺末笔作虎虓号饕滮篪褫字皆同避太祖讳　渊…
U+EBAC ×1  …笔作□避宪宗讳　恒字皆缺笔作避穆宗讳　湛字皆缺笔作□葚…
U+EECA ×1  …皇帝巡幸左神防军纪圣德碑　崔撰　柳公权正书　防昌三年…
U+EB1E ×1  …为韩建掌书记撰许国公勤王録以建方昭宗幸华建请散殿后军诛…
U+EB56 ×1  …析里桥郙阁颂　醳【释】散关之漯【湿】⏎　　魏受禅碑　…
U+EEBF ×1  …功袘【施】于民　儒默【墨】　【都】　【圣】　□【枕】…
U+EE25 ×1  …宄】　【蔽】日　惚【疑】峰构　□□【扶疎】　【象】…
U+E685 ×1  …】　□【纲】　刹【刹】　【】　【鄾】　□【象】　□…
U+ECBE ×1  …坠【墬】主　蒱【蒲】州　湹【】　度曲忖【刌】声道因碑　…
U+EB02 ×1  …⏎　　开业寺碑　熟【孰】能　【土】　□【吐】　汦【泯】…
U+E9ED ×1  …师塔铭　□【窣】　泹【湼】　【愍】　弑【杀】戮　【裔…
U+EE21 ×1  …　段行琛碑　牛岗【冈】啓繇　不缺⏎　　景教流行碑　宝…
U+ED94 ×1  …【化】　赓哥【歌】太平　笇【】　殱□【魁】⏎　　缋【…
U+ED3E ×1  …⏎　　碑记生禅师造塔及其徒伦继造二塔事书法不工而碑文可…
U+E07F ×1  …瞿令问篆书　大厯三年⏎　　亭铭　元结撰　瞿令问篆书　…