陈书 PUA 悬置（2026-09-10）：31 处（19 码位）。无库内平行本，回退 □ 待点校本核补。

U+E4C0 ×4  …，中军将军、荆州刺史义兴王萧献，遣其都官尚书沈君公，诣…
U+E467 ×3  …。 ⏎　　高祖自广州南征交止，命后与衡阳王昌随世祖由…
U+E862 ×3  …卫将军，谥曰成。 ⏎　　子嗣。宝安卒后，亦为偏将。…
U+E4BD ×2  …军上有紫气，不易可当。”乃以叉步贮石沈塞淮口，缘淮作…
U+E40E ×2  …德而称焉。加以仗兹忠义，屠彼逆，震部夷氛，稽山罢昆，番…
U+E401 ×2  …饶贵于十金，硗确至于三易，腴脊既异，盈缩不同。诈伪日兴…
U+E4C1 ×2  …募士卒，入援京师。城陷，与张乘共保吴兴，乘败，文阿窜…
U+E491 ×2  …，萑蒲小盗，共肆贪残，念彼馀，兼其慨息。西戎屈膝，自款…
U+E402 ×1  …冠厚履，希复华风，宋微子《麦遂》之歌，周大夫《黍离》之…
U+E4BE ×1  …富均起，单弱重弊，斯岂振穷扇曷之意欤？是乃下吏箕敛之苛…
U+E845 ×1  …之。于是盛陈兵甲，与頠乘舟而，以巡傅泰城下，因而攻泰，…
U+E41D ×1  …，用遏舟舰。昭达居其上流，装造拍，以临贼栅。又令军人衔…
U+E232 ×1  …、南阳宗懔、平原刘缓、沛郡刘同掌书记。入为尚书仪曹郎。…
U+E4B9 ×1  …衣裙衫故履。既应侍养，宜备纷兑，或逢善友，又须香烟，棺…
U+E160 ×1  …不许。又推表其略曰：“臣私门祸，并罹殃罚，偷生晷漏，冀…
U+E407 ×1  …，梁东中郎武陵王府参军事。父亘，信威临贺王记室，兼本郡…
U+E17E ×1  …孝性，色养甚谨，礼无违者。父，常患消渴，嗜鲜鱼，昭乃身…
U+E4BC ×1  …流，命冯夷而鸣鼓，鼋鼍为驾，阑方壶而建旗。 ⏎　　义…
U+E409 ×1  …我六军。 ⏎　　潼州刺史李者，明州刺史戴晃，新州刺史…