魏书 PUA 悬置（2026-09-10）：293 处（102 码位）。无库内平行本，回退 □ 待点校本核补。

U+E154 ×64  …所过田租之半。  ⏎　　神元年春正月，以天下守令多行…
U+E4C0 ×19  …，华藻云飞，金声夙振。中遇沈彖，赋诗以讯，忠显于辞，理…
U+E4CC ×18  …唯匡与肇抗衡。先自造棺，置于事，意欲舆棺诣阙，论肇罪恶…
U+E844 ×13  …后之崩，高祖不知所生。至如李、李惠之徒，猜嫌覆灭者十余…
U+E409 ×9  …，无不叹息。  ⏎　　同弟者，太宗时为乐陵太守。卒。…
U+E3AB ×8  …弊之门。如斯，则吉士盈朝，薪载焕矣。  ⏎　　诏付…
U+E4BC ×7  …乏水，悬绠汲河。帝令连舰上施贲辒，绝其汲路，又穿地道以…
U+E401 ×7  …月辛卯，诏曰：“灵丘郡土既褊脊，又诸州路冲，官私所经，…
U+E3FF ×6  …　元象元年春正月，有巨象自至易郡陂中，南兗州获送于鄴。…
U+E403 ×5  …州郡内戍悉已陷没，且路由三亚，贼已先据。孝芬所统既少，…
U+E406 ×5  …。司间司忿，言必从矣。朋党噂沓，自相同矣。浸润之譛，倾…
U+E837 ×4  …卯，以澍雨大洽，曲赦京师。以绫绢布百万匹及南伐所俘赐王…
U+E4BE ×4  …以城归国，综长史江革、司马祖恆、将士五千人悉见擒虏。肃…
U+E4C1 ×4  …常初，丁零翟猛雀驱逼吏民入白间山，谋为大逆。诏蒲与冀州…
U+E0D9 ×4  …；趋青州，路亦S上纶胍仕病＜次粲檬χ＝袢…
U+E0EF ×4  …纶剿拊ィ蚧囱簦玻蚯嗉街钫蚩刹还ザ恕Ｈ羲拇…
U+E405 ×4  …粪朽弗加，沾濡不及，而兹菌焱构，厥状扶疏，诚足异也。夫…
U+E4B0 ×3  …村坞，毒害民人，齐人号之为“沓榆贼”。先是，河南人常笑…
U+E848 ×3  …，诱夺刘璋，伪连孙氏，守穷踦区之地，僭号边夷之间。此策…
U+E4C6 ×2  …文部；以文帝之长子桓皇帝讳猗统一部，居代郡之参合陂北；…
U+E4BF ×2  …宗内虽图之，外形弥密，灵太后真忿之言，欲得往来显阳之意…
U+E0DD ×2  …秋官》司烜氏，邦若屋诛，为明焉曰：王道贵产，法理尚恩。…
U+E47D ×2  …古圣王，其为飨也，玄酒在堂而酒在下，所以崇本重原，降于…
U+E06D ×2  …青州，路亦S上纶胍仕病＜次粲檬χ＝袢粝榷…
U+E1A9 ×2  …胍仕病＜次粲檬χ＝袢粝榷ㄏ纶剿拊ィ…
U+E3AE ×2  …＜次粲檬χ＝袢粝榷ㄏ纶剿拊ィ蚧囱簦玻…
U+E0F0 ×2  …χ＝袢粝榷ㄏ纶剿拊ィ蚧囱簦玻蚯嗉街钫蚩…
U+E0E2 ×2  …街钫蚩刹还ザ恕Ｈ羲拇Σ环嗉剿浒危傩绽枪耍袒辰男…
U+E0EE ×2  …拇Σ环嗉剿浒危傩绽枪耍袒辰男抑摹３加抟晕耸颓…
U+E1A7 ×2  …嗉剿浒危傩绽枪耍袒辰男抑摹３加抟晕耸颓嗉街Γ…
U+E0EA ×2  …抑摹３加抟晕耸颓嗉街Γ榷ǘ现兀狭鯊惫酥…
U+E0E9 ×2  …猓廾衲贤摹Ｏ乃涫ⅲ藿蛲究梢颍欢匪渫ǎ薷叱…
U+E467 ×2  …克城则遣。冲表谏曰：“秦州险厄，地接羌夷，自西师出后，…
U+E4B8 ×2  …礼·大司乐》云：‘师氏，掌以微诏王。居虎门之左，司王朝…
U+E065 ×2  …针之乃得语，而犹虚劣。其从兄等并营视之，皆言危而获振。…
U+E092 ×2  …即王位，以垂坠马伤齿，改名为，外以慕却为名，内实恶之…
U+E4B9 ×2  …罗、锦、绣、白叠；其妻有髻，蒙以皁巾。丈夫剪发，锦袍。…
U+E513 ×2  …年分属焉。　　宁夷有甘泉、九山。　　泾阳真君七年并石安…
U+E839 ×1  …书王买、薛超等及司马德宗将毛分之、秦雍人士数千人，获马…
U+E567 ×1  …弟比陵，太延五年为司空，赐爵牁公。除安远将军、怀荒镇大…
U+E4BA ×1  …餐于沆瀣，给朝饵于琼芝。同糟离而无别，混名实而不治。放…
U+E4AE ×1  …、魏收诗曰：“幽楼多暇日，纟驾萃荒坰。南瞻带宫雉，北睇…
U+E0FD ×1  …恐怖，泪汗交横。鸾以腐米臭鱼豆供之。而谒者张思宁辞气謇…
U+E1CC ×1  …广戍，虽刘彧师徒悉动，不敢窥淮北之地。此自然之势也。”…
U+E3D3 ×1  …，历下邳；趋青州，路亦S上纶胍仕病＜次粲檬χ…
U+E17A ×1  …邳；趋青州，路亦S上纶胍仕病＜次粲檬χ＝…
U+E12F ×1  …趋青州，路亦S上纶胍仕病＜次粲檬χ＝袢粝…
U+E033 ×1  …亦S上纶胍仕病＜次粲檬χ＝袢粝榷ㄏ纶…
U+E000 ×1  …胍仕病＜次粲檬χ＝袢粝榷ㄏ纶剿拊ィ蚧…
U+E0E1 ×1  …次粲檬χ＝袢粝榷ㄏ纶剿拊ィ蚧囱簦玻蚯…
U+E0E5 ×1  …袢粝榷ㄏ纶剿拊ィ蚧囱簦玻蚯嗉街钫蚩刹还ザ…
U+E2A7 ×1  …粝榷ㄏ纶剿拊ィ蚧囱簦玻蚯嗉街钫蚩刹还ザ恕…
U+E252 ×1  …簦玻蚯嗉街钫蚩刹还ザ恕Ｈ羲拇Σ环嗉剿浒危…
U+E46A ×1  …嗉街钫蚩刹还ザ恕Ｈ羲拇Σ环嗉剿浒危傩绽枪耍袒辰…
U+E0CB ×1  …ザ恕Ｈ羲拇Σ环嗉剿浒危傩绽枪耍袒辰男抑摹３加…
U+E031 ×1  …绽枪耍袒辰男抑摹３加抟晕耸颓嗉街Γ榷ǘ现兀…
U+E1A1 ×1  …辰男抑摹３加抟晕耸颓嗉街Γ榷ǘ现兀狭鯊惫…
U+E081 ×1  …３加抟晕耸颓嗉街Γ榷ǘ现兀狭鯊惫酥猓…
U+E18C ×1  …抟晕耸颓嗉街Γ榷ǘ现兀狭鯊惫酥猓廾衲…
U+E0D1 ×1  …耸颓嗉街Γ榷ǘ现兀狭鯊惫酥猓廾衲贤…
U+E010 ×1  …嗉街Γ榷ǘ现兀狭鯊惫酥猓廾衲贤摹Ｏ…
U+E266 ×1  …ǘ现兀狭鯊惫酥猓廾衲贤摹Ｏ乃涫ⅲ藿…
U+E383 ×1  …兀狭鯊惫酥猓廾衲贤摹Ｏ乃涫ⅲ藿蛲究梢颍…
U+E1A2 ×1  …惫酥猓廾衲贤摹Ｏ乃涫ⅲ藿蛲究梢颍欢匪渫ǎ…
U+E0CC ×1  …堇陀酪荨＝袼湎蛉龋炭尚惺Γ猩袼伲迷蛏洹Ｈ籼煊昙…
U+E25C ×1  …陀酪荨＝袼湎蛉龋炭尚惺Γ猩袼伲迷蛏洹Ｈ籼煊昙冉…
U+E300 ×1  …龋炭尚惺Γ猩袼伲迷蛏洹Ｈ籼煊昙冉担蛞蛩ǎ…
U+E0D6 ×1  …猩袼伲迷蛏洹Ｈ籼煊昙冉担蛞蛩ǎ肆敢嬷冢嫖…
U+E1A4 ×1  …迷蛏洹Ｈ籼煊昙冉担蛞蛩ǎ肆敢嬷冢嫖　？纸…
U+E0D4 ×1  …煊昙冉担蛞蛩ǎ肆敢嬷冢嫖　？纸疵袷桓…
U+E01C ×1  …冉担蛞蛩ǎ肆敢嬷冢嫖　？纸疵袷桓耐迹…
U+E25B ×1  …担蛞蛩ǎ肆敢嬷冢嫖　？纸疵袷桓耐迹…
U+E3C6 ×1  …ǎ肆敢嬷冢嫖　？纸疵袷桓耐迹嗉蕉荩…
U+E0D2 ×1  …敢嬷冢嫖　？纸疵袷桓耐迹嗉蕉荩湮纯砂…
U+E141 ×1  …嬷冢嫖　？纸疵袷桓耐迹嗉蕉荩湮纯砂巍…
U+E49D ×1  …？纸疵袷桓耐迹嗉蕉荩湮纯砂巍３奸肓抛艄惨…
U+E0F2 ×1  …疵袷桓耐迹嗉蕉荩湮纯砂巍３奸肓抛艄惨椋…
U+E3DE ×1  …耐迹嗉蕉荩湮纯砂巍３奸肓抛艄惨椋涛娇扇弧Ｈ粢…
U+E245 ×1  …肓抛艄惨椋涛娇扇弧Ｈ粢怀拢逵兴鸢苤穑怀露扪…
U+E1AB ×1  …娇扇弧Ｈ粢怀拢逵兴鸢苤穑怀露扪椋殖晌茇柚铩…
U+E261 ×1  …粢怀拢逵兴鸢苤穑怀露扪椋殖晌茇柚铩Ｎ┨旒…
U+E0DA ×1  …怀拢逵兴鸢苤穑怀露扪椋殖晌茇柚铩Ｎ┨旒浚…
U+E1AE ×1  …鸢苤穑怀露扪椋殖晌茇柚铩Ｎ┨旒浚粘加蘅睢?…
U+E263 ×1  …露扪椋殖晌茇柚铩Ｎ┨旒浚粘加蘅睢?  ⏎　…
U+E3CC ×1  …扪椋殖晌茇柚铩Ｎ┨旒浚粘加蘅睢?  ⏎　　…
U+E149 ×1  …欲出外，寻为城人韩祖香、孙礻攻于州馆。游事窘，登楼慷慨…
U+E19D ×1  …昶以母为其国妾 ，宜如春秋荀对楚称外臣之礼。寻敕昶更与…
U+E230 ×1  …之门。如斯，则吉士盈朝，薪载焕矣。  ⏎　　诏付外…
U+E402 ×1  …亩，饥贫之家指为珠玉，遗秉滞遂，莫不宝惜。步骑万余，来…
U+E53F ×1  …千重以耸翠，横万里而扬波。远鼯吾与麏麝，走鳐鳖及龟鼍。…
U+E4F3 ×1  …城中，及敛迭举，高祖以所服衣充襚，亲自临视，撤乐去膳。…
U+E789 ×1  …之分，阊阖晨鼓而萧瑟，流火夕以摧颓，游气眇其高搴，辰宿…
U+E160 ×1  …万东伐，次于都渎涧。蒙逊自浩拒歆，战于怀城，为蒙逊所败…
U+E7B2 ×1  …其国，北船溯难河西上，至太氵河，沉船于水，南出陆行，渡…
U+E0F6 ×1  …  ⏎　　文德后自汉中入统陇，遂有阴平、武兴之地后为…
U+E84B ×1  …葱岭，东去龟兹千五百里，西去汗国千里，南去朱俱波八九百…
U+E57B ×1  …银、绫、锦、叠、毼、氍毹、毾、赤麞皮、及薰陆、郁金、苏…
U+E400 ×1  …，因乞朱画步挽一乘并幔褥，鞦必一副，伞扇各一枚，青曲盖…
U+E4B6 ×1  …州，诸将又大败之。时梁军政益，故累有负败之应。  …
U+E4B1 ×1  …，景遂举而济江，三吴大荒，道董流离者大半，淮表二十六州…
U+E0D7 ×1  …　癸未，诏三公衮冕八章，太常冕六章，用以陪荐。  ⏎…
U+E404 ×1  …未，恆州送马驹，肉尾长一尺，处不生毛。  ⏎　　正…