[     162ms] [ERROR] The Content Security Policy directive 'upgrade-insecure-requests' is ignored when delivered in a report-only policy. @ https://www.shidianguji.com/search?keyword=%E9%9D%88%E6%B4%8B%E8%9F%92%E8%9B%87&type=text:0
[     177ms] [INFO] This document requires 'TrustedScriptURL' assignment. The policy is report-only, so the violation has been logged but no further action has been taken. @ https://lf-c-flwb.bytetos.com/obj/rc-client-security/web/glue/1.0.0.62/sdk-glue.js:1
[     178ms] [INFO] This document requires 'TrustedScriptURL' assignment. The policy is report-only, so the violation has been logged but no further action has been taken. @ https://lf-c-flwb.bytetos.com/obj/rc-client-security/web/glue/1.0.0.62/sdk-glue.js:1
[     180ms] [INFO] This document requires 'TrustedScript' assignment. The policy is report-only, so the violation has been logged but no further action has been taken. @ https://lf-security.bytegoofy.com/obj/security-secsdk/runtime-v1.0.0.js:4
[     186ms] [INFO] This document requires 'TrustedScript' assignment. The policy is report-only, so the violation has been logged but no further action has been taken. @ :4
[     186ms] [INFO] This document requires 'TrustedScript' assignment. The policy is report-only, so the violation has been logged but no further action has been taken. @ :4
[     187ms] [INFO] This document requires 'TrustedScript' assignment. The policy is report-only, so the violation has been logged but no further action has been taken. @ :4
[     187ms] [INFO] This document requires 'TrustedScript' assignment. The policy is report-only, so the violation has been logged but no further action has been taken. @ :4
[     187ms] [INFO] This document requires 'TrustedScript' assignment. The policy is report-only, so the violation has been logged but no further action has been taken. @ :4
[     187ms] [INFO] This document requires 'TrustedScript' assignment. The policy is report-only, so the violation has been logged but no further action has been taken. @ :4
[     451ms] [ERROR] The Content Security Policy directive 'upgrade-insecure-requests' is ignored when delivered in a report-only policy. @ https://lf-welfare.amemv.com/obj/douyin-welfare-image/guji/shidian/upload/script/prefetchReader.js:0
[     576ms] [ERROR] The Content Security Policy directive 'upgrade-insecure-requests' is ignored when delivered in a report-only policy. @ https://www.shidianguji.com/book/SBCK011?isPrefetch=1:0
[     601ms] [INFO] This document requires 'TrustedScriptURL' assignment. The policy is report-only, so the violation has been logged but no further action has been taken. @ https://lf-c-flwb.bytetos.com/obj/rc-client-security/web/glue/1.0.0.62/sdk-glue.js:1
[     602ms] [INFO] This document requires 'TrustedScriptURL' assignment. The policy is report-only, so the violation has been logged but no further action has been taken. @ https://lf-c-flwb.bytetos.com/obj/rc-client-security/web/glue/1.0.0.62/sdk-glue.js:1
[     604ms] [INFO] This document requires 'TrustedScript' assignment. The policy is report-only, so the violation has been logged but no further action has been taken. @ https://lf-security.bytegoofy.com/obj/security-secsdk/runtime-v1.0.0.js:4
[     609ms] [INFO] This document requires 'TrustedScript' assignment. The policy is report-only, so the violation has been logged but no further action has been taken. @ :4
[     610ms] [INFO] This document requires 'TrustedScript' assignment. The policy is report-only, so the violation has been logged but no further action has been taken. @ :4
[     610ms] [INFO] This document requires 'TrustedScript' assignment. The policy is report-only, so the violation has been logged but no further action has been taken. @ :4
[     610ms] [INFO] This document requires 'TrustedScript' assignment. The policy is report-only, so the violation has been logged but no further action has been taken. @ :4
[     611ms] [INFO] This document requires 'TrustedScript' assignment. The policy is report-only, so the violation has been logged but no further action has been taken. @ :4
[     611ms] [INFO] This document requires 'TrustedScript' assignment. The policy is report-only, so the violation has been logged but no further action has been taken. @ :4
