□×1→檀	…、青犊、五校、□乡、五幡、五楼…
□×1→敕	…，光武知其意，□令各归营勒兵，…
□×1→弃	…士大夫捐亲戚，□土壤，从大王于…
□×1→坛	…武于是命有司设□场于鄗南千秋亭…
□×1→檀	…吴汉率九将军击□乡贼于邺东，大…
□×1→坛	…阳城南七里，为□，八陛，中又为…
□×1→坛	…八陛，中又为重□，天地位皆在□…
□×1→坛	…阳城北四里，方□，四陛。地祇位…
□×1→坛	…配，西面，皆在□上；地理髃后从…
□×1→徽	…至此始明火德，□帜尚赤，服色于…
□×1→擅	…
太中大夫徐恽□杀临淮太守刘度…
□×1→癃	…寡、孤、独及笃□、无家属贫不能…
□×1→弃	…诏除奴婢射伤人□市律。
公孙述…
□×1→勑	…诏曰：“往年已□郡国，异味不得…
□×1→弛	…死罪一等；徒皆□解钳，衣丝絮。…
□×1→鳏	…子爵，人二级；□、寡、孤、独、…
□×1→癃	…寡、孤、独、笃□、贫不能自存者…
□×1→鳏	…子爵，人二级；□、寡、孤、独、…
□×1→癃	…寡、孤、独、笃□、贫不能自存者…
□×1→鳏	…子爵，人二级；□、寡、孤、独、…
□×1→癃	…寡、孤、独、笃□、贫不能自存者…
□×1→坛	…辇升山，即位于□南，北面，尚书…
□×1→揽	…能明慎政体，总□权纲，量时度力…
□×1→鳏	…占者人一级；
□、寡、孤、独、…
□×1→癃	…寡、孤、独、笃□粟，人十斛。其…
□×1→憙	…骠骑将军。太尉□告谥南郊，司徒…
□×1→勑	…，人以耕桑。其□有司务顺时气，…
□×1→截	…戴礼曰：“圣人□十二管，察八音…
□×1→憙	…月甲寅，太尉赵□、司徒李欣免。…
□×1→鳏	…欲占者人一级；□、寡、孤、独、…
□×1→癃	…寡、孤、独、笃□、贫不能自存者…
□×1→鼎	…周；周德既衰，□乃沦亡。祥瑞之…
□×1→鼎	…以礿祭之日，陈□于庙，以备器用…
□×1→妃	…，入于私宫，后□御见有度，应门…
□×1→鳏	…欲占者人一级；□、寡、孤、独、…
□×1→癃	…寡、孤、独、笃□、贫无家属不能…
□×1→昞	…，畅为汝南王，□为常山王，长为…
□×1→鳏	…欲占者人一级；□、寡、孤、独、…
□×1→癃	…寡、孤、独、笃□、贫不能自存者…
□×1→鳏	…欲占者人一级；□、寡、孤、独、…
□×1→癃	…寡、孤、独、笃□，贫不能自存者…
□×1→擅	…有所兴作者，以□议宗庙法从事。…
□×1→鳏	…与子若同产子；□、寡、孤、独、…
□×1→癃	…寡、孤、独、笃□、贫不能自存者…
□×1→憙	…行太尉事节乡侯□三世在位，为国…
□×1→憙	…勤劳不怠。其以□为太傅，融为太…
□×1→勑	…，以辅不逮。申□四方，称朕意焉…
□×1→昊	…德淳茂，劬劳日□，身御浣衣，食…
□×1→籞	…亥，诏以上林池□田赋与贫人。
…
□×1→鳏	…欲占者人一级；□、寡、孤、独、…
□×1→癃	…寡、孤、独、笃□、贫不能自存者…
□×1→鳏	…自占者人一级；□、寡、孤、独、…
□×1→癃	…寡、孤、独、笃□、贫不能自存者…
□×1→昞	…为梁王，常山王□为淮阳王。辛卯…
□×1→擅	…’今吏多不良，□行喜怒，或案不…
□×1→憙	…
戊辰，太傅赵□薨。
冬，始行…
□×1→肇	…清河王，立皇子□为皇太子。
己…
□×1→鳏	…千石当坐。其赐□、寡、孤、独、…
□×1→坛	…从西南来，经祠□上，东北过于宫…
□×1→鳏	…。经曰：“无侮□寡，惠此茕独。…
□×1→昞	…成王党、淮阳王□、任城王尚、沛…
□×1→迩	…宣声教，考同遐□，解释怨结也。…
□×1→勑	…劳。”
乙丑，□侍御史、司空曰…
□×1→坛	…令祠光武于即位□。复元氏七年徭…
□×1→防	…冬十月，令郡国□刑输作军营。其…
□×1→昞	…，绍封故淮阳王□子侧为常山王。…
□×1→鳏	…钱帛，各有差；□、寡、孤、独、…
□×1→癃	…寡、孤、独、笃□、贫不能自存者…
□×1→防	…，至自长安，减□刑徒从驾者刑五…
□×1→敇	…简择，故先帝明□在所，令试之以…
□×1→敕	…蒙赦令，且复申□，后有犯者，显…
□×1→鳏	…民欲占者一级；□、寡、孤、独、…
□×1→癃	…寡、孤、独、笃□、贫不能自存者…
□×1→癃	…国中都官徒及笃□老小女徒各除半…
□×1→鳏	…种粮。赐下贫、□、寡、孤、独、…
□×1→鳏	…欲占者人一级；□、寡、孤、独、…
□×1→癃	…寡、孤、独、笃□、贫不能自存者…
□×1→幷	…，诏曰：“幽、□、凉州户口率少…
□×1→鳏	…六月，诏令百姓□寡渔采陂池，勿…
□×1→鳏	…欲占者人一级；□、寡、孤、独、…
□×1→癃	…寡、孤、独、笃□、贫不能自存者…
□×1→敕	…岂爱民之本。其□太官勿复受献。…
□×1→防	…于永元，虽颇有□张，而俱存不扰…
□×1→劒	…尚方，掌作御刀□诸器物；内署，…
□×1→癃	…家奴婢姓刘及疲□羸老，皆上其名…
□×1→敕	…
秋七月庚寅，□司隶校尉、部刺…
□×1→勑	…自杀。
戊子，□司隶校尉、冀并…
□×1→弃	…“民讹言相惊，□捐旧居，老弱相…
□×1→勑	…穷困道路。其各□所部长吏，躬亲…
□×1→冗	…遭寇乱，人庶流□，除三年逋租、…
□×1→戹	…以匡救，济斯艰□，承天诫哉？盖…
□×1→鳏	…欲占者人一级；□、寡、孤、独、…
□×1→癃	…寡、孤、独、笃□、*[贫]*不…
□×1→戹	…初之际，人离荒□，朝廷躬自菲薄…
□×1→鳏	…之士各一人。赐□、寡、孤、独、…
□×1→鳏	…，人二级；加赐□、寡、孤、独、…
□×1→癃	…寡、孤、独、笃□、贫不能自存者…
□×1→勑	…，清白爱利，能□身率下，防奸理…
□×1→弃	…帝圣德明茂，早□天下。陛下正统…
□×1→弃	…，享祚未永，早□鸿烈。奸慝缘闲…
□×1→鳏	…欲自占者一级；□、寡、孤、独、…
□×1→癃	…寡、孤、独、笃□、贫不能自存者…
□×1→勑	…事者，上名。严□障塞，缮设屯备…
□×1→冗	…、兖、冀四州流□贫人，所在安业…
□×1→鳏	…、力田人二级；□、寡、孤、独、…
□×1→癃	…寡、孤、独、笃□、*[贫]*不…
□×1→勑	…石，发泄藏气，□有司检察所当禁…
□×1→弃	…匮，而百姓犹有□业，流亡不绝。…
□×1→鳏	…占著者人一级；□、寡、孤、独、…
□×1→癃	…寡、孤、独、笃□、贫不能自存者…
□×1→勑	…京师旱。庚申，□郡国二千石各祷…
□×1→鳏	…行幸长安，所过□、寡、孤、独、…
□×1→冗	…原郡旱，民庶流□。癸丑，遣光禄…
□×1→击	…护羌校尉赵冲追□叛羌于鹯阴河，…
□×1→勑	…，育微敬始。其□有司，罪非殊死…
□×1→鳏	…、力田人三级；□、寡、孤、独、…
□×1→癃	…寡、孤、独、笃□、贫不能自存者…
□×1→弃	…绶者，与杀人同□市论。
丙午，…
□×1→冗	…。百姓饥穷，流□道路，至有数十…
□×1→勑	…降，必不空发。□己修政，庶望有…
□×1→冗	…门为守宫令，置□从右仆射官。
…
□×1→冗	…司徒。三月，省□从右仆射官。太…
□×1→弃	…太守李肃坐奔北□市；辛丑，以太…
□×1→瑨	…。
南阳太守成□、太原太守刘质…
□×1→	…寅，太常河南孟□为太尉。庚辰，…
□×1→	…郡县。
太尉孟□罢。
二月辛亥…
□×1→鬭	…卖，更相盗窃争□。帝着商估服，…
□×1→	…冬十月，太尉许□罢，太常杨赐为…
□×1→克	…董卓攻张角，不□。
洛阳女子生…
□×1→克	…皇甫嵩讨之，不□。
夏四月庚戌…
□×1→邈	…，懿为山阳王，□为济北王，敦为…
□×1→弛	…胜数。斯固轻礼□防，先色后德者…
□×1→敕	…见之，当伤心自□，但笑言太后素…
□×1→褠	…游龙，仓头衣绿□，领袖正白，顾…
□×1→敕	…信巫祝小医，数□绝祷祀。至六月…
□×1→擅	…、景，并显贵，□威权，后遂密谋…
□×1→敕	…赦其徙者归乡，□还资财五百余万…
□×1→阸	…自减彻，以救灾□，故天下复平，…
□×1→戹	…海内无主，元元□运，危于累卵。…
□×1→驱	…至五六千人，及□役从使，复兼倍…
□×1→坛	…。二月辛巳，设□场于淯水上沙中…
□×1→擅	…。时李轶、朱鲔□命山东，王匡、…
□×1→劒	…益酿醇酒，买刀□衣服。少年来酤…
□×1→劒	…。大司农杨音按□骂曰：“诸卿皆…
□×1→敕	…，以要其还路。□诸将曰：“贼若…
□×1→弃	…，茂、建战败，□城复还湖陵，而…
□×1→敕	…五校乏食当退，□各坚壁以待其敝…
□×1→劒	…之甚乎！”闳按□曰：“太守奉朝…
□×1→劒	…，请夺之；即带□至宣德后闼，举…
□×1→剑	…大王遗宠以所服□，又倚以为北道…
□×1→昏	…使妻缝两缣囊。□夜后，解宠手，…
□×1→昏	…嚣闭门拒守；至□时，遂溃围，与…
□×1→阸	…入质，犹负其险□，欲专方面，于…
□×1→熹	…资，徒以文俗自□，遂能集其志计…
□×1→劒	…”。将军张卬拔□击地曰：“疑事…
□×1→戹	…念往时，共更艰□，何日忘之。莫…
□×1→勑	…禹久不进兵，下□曰：“司徒，尧…
□×1→鬭	…皆言“汉家常欲□我曹，今邓使君…
□×1→勑	…母子兄弟，内相□厉，冀以端悫畏…
□×1→愍	…追感太后恩训，□骘无辜，乃诏宗…
□×1→劒	…？今见恂，必手□之！”
恂知其…
□×1→劒	…崇，将也，得带□侍侧。卒有变，…
□×1→勑	…以忘之乎？”乃□属县盛供具，储…
□×1→鬬	…定，两虎安得私□？今日朕分之。…
□×1→匄	…塞重责。愿陛下□兄弟死命，使臣…
□×1→勑	…伏自思惟：以诏□战攻，每辄如意…
□×1→勑	…测乎？诚冀以谨□，遂自终始。见…
□×1→汧	…祭遵亦破王元于□。于是北地诸豪…
□×1→叙	…。将及景风，章□旧德，显兹遗功…
□×1→击	…宏等三万余人南□秦丰，拔黄邮，…
□×1→勑	…，而车驾东归。□彭书曰：“两城…
□×1→鬬	…横江水起浮桥、□楼，立攒柱绝水…
□×1→杞	…元年，安帝复封□细阳侯，顺帝时…
□×1→勑	…，让汉曰：“比□公千条万端，何…
□×1→防	…其地下湿，多朐□虫，因以名县。…
□×1→勑	…，请往救之，帝□曰：“可直往捣…
□×1→勑	…人保壁坚完者，□令固守；放散在…
□×1→勑	…。”帝然之，即□宫彻围缓贼，贼…
□×1→勑	…中趣修攻具，宣□诸部，后三日当…
□×1→勑	…。至期夜半，弇□诸将皆蓐食，会…
□×1→腰	…伯初，有伟体，□带八围。博通书…
□×1→防	…边愁苦。诏霸将□刑徒六千余人，…
□×1→厷	…攻丰，丰功曹孟□执丰降。
初，…
□×1→劒	…马三匹，衣被刀□下至居室什物，…
□×1→即	…独为汉拒邯郸，□驰赴之。光等孤…
□×1→檀	…大司马吴汉等击□乡，明年春，大…
□×1→勑	…使劳慰王侯。密□纯曰：“刘扬若…
□×1→勑	…降。车驾引还，□佑方略，佑尽力…
□×1→檀	…司马吴汉等俱击□乡，有诏军事一…
□×1→勑	…，帝以其不奉诏□，令止在所县，…
□×1→弃	…与楚王英谋反，□市，国除。
杜…
□×1→弛	…谒者段忠将众郡□刑配茂，镇守北…
□×1→弃	…祖讨河北，成即□官步负，追及于…
□×1→坛	…时帝幸寿春，设□场，祖礼遣之。…
□×1→勑	…言曰：“吏受郡□，当欲以垦田相…
□×1→嗜	…可矣。”武为人□酒，阔达敢言，…
□×1→檀	…四年，卒。
子□嗣，坐兄伯济与…
□×1→弃	…，为倾覆之事；□已成之基，求无…
□×1→戹	…士兵怀附。亲遇□会之际，国家不…
□×1→弃	…谓吏士何？忍而□之，谓留子何？…
□×1→擅	…？勉循士民，无□离部曲。”
及…
□×1→弃	…况小人哉！国家□宪如孤雏腐鼠耳…
□×1→斾	…是域灭区单，反□而旋，考传验图…
□×1→防	…离墓所；敬事寡□，不冠不入庐。…
□×1→弃	…为害不休，不可□也。帝然之，于…
□×1→防	…门。臣谨依仪氏□，中帛氏口齿，…
□×1→鬐	…氏口齿，谢氏唇□，丁氏身中，备…
□×1→防	…将十二郡募士及□刑四万余人征五…
□×1→弃	…从充道，援以为□日费粮，不如进…
□×1→敕	…高不得，犹为谨□之士，所谓刻鹄…
□×1→熹	…掌门禁，遂代赵□为卫尉，肃宗甚…
□×1→简	…躬履节俭，事从□约，廖虑美业难…
□×1→劒	…传曰：‘吴王好□客，百姓多创瘢…
□×1→腰	…创瘢；楚王好细□，宫中多饿死。…
□×1→简	…，斥去华饰，素□所安，发自圣性…
□×1→敕	…不喜之，数加谴□，所以禁遏甚备…
□×1→敕	…平十五年，皇后□使移居洛阳。显…
□×1→敕	…敬，同之将军。□严过武库，祭蚩…
□×1→敕	…官赋禄之意。宜□正百司，各责以…
□×1→勑	…独不为备。诏书□问，使驿系道，…
□×1→熹	…归之。 太尉赵□慕其志，每岁时…
□×1→熹	…为郡吏。太傅赵□闻而辟之。肃宗…
□×1→勑	…恭。恭召亭长，□令归牛者再三，…
□×1→弃	…何以一人之计，□万人之命，不恤…
□×1→勑	…。其夜拜侍中，□使陪乘，劳问甚…
□×1→檀	…出入四年，而灭□乡，制五校，降…
□×1→鬭	…东州号为“伏不□”云。
隆字伯…
□×1→戹	…执凶逆，虽在困□，授命不顾。又…
□×1→憙	…人所杀，无子，□年十五，常思报…
□×1→憙	…病，无相距者。□以因疾报杀，非…
□×1→憙	…宛之赵氏有孤孙□，信义著名，愿…
□×1→憙	…。更始大悦，谓□曰：“卿名家驹…
□×1→憙	…出关，更始乃拜□为五威偏将军，…
□×1→憙	…光武破寻、邑，□被创，有战劳，…
□×1→憙	…侯。
更始败，□为赤眉兵所围，…
□×1→憙	…，欲弃之于道。□责怒不听，因以…
□×1→憙	…邓奉反于南阳，□素与奉善，数遗…
□×1→憙	…之，而谗者因言□与奉合谋，帝以…
□×1→憙	…。及奉败，帝得□书，乃惊曰：“…
□×1→憙	…，乃惊曰：“赵□真长者也。”即…
□×1→憙	…悉降。荆州牧奏□才任理剧，诏以…
□×1→憙	…兼，为人所患，□下车，闻其二孙…
□×1→憙	…今犯罪，怀令赵□欲杀之，愿乞其…
□×1→憙	…春。
其年，迁□平原太守。时平…
□×1→憙	…时平原多盗贼，□与诸郡讨捕，斩…
□×1→憙	…当坐者数千人。□上言“恶恶止其…
□×1→憙	…人各各前言“赵□笃义多恩，往遭…
□×1→憙	…眉出长安，皆为□所济活”。帝甚…
□×1→憙	…并来入朝，帝令□典边事，思为久…
□×1→憙	…泰山。及帝崩，□受遗诏，典丧礼…
□×1→憙	…，宪章无序。
□乃正色，横□殿…
□×1→憙	…，与百僚无别，□乃表奏谒者将护…
□×1→憙	…赏赐恩宠甚渥。□内典宿卫，外干…
□×1→憙	…。
建初五年，□疾病，帝亲幸视…
□×1→憙	…先朝名臣，代赵□为太尉，与□参…
□×1→敕	…以其余子幼弱，□太尉掾史教其威…
□×1→寖	…守职益懈而吏事□疏，咎在州郡。…
□×1→装	…千人，遂掠取财□，褫夺衣服，拔…
□×1→斵	…，故破矩为圆，□雕为朴，蠲除苛…
□×1→装	…哀怜之，为鬻衣□，买产业。后从…
□×1→坛	…萧何举韩信，设□而拜，不复考试…
□×1→勑	…求得见宫，显宗□自整饰，宫对曰…
□×1→勑	…城，乃幸均舍，□赐尚书禄以终其…
□×1→擅	…长公主嫖女也。□宠十余年，无子…
□×1→腰	…以诛错为名，遂□斩错。见前书。…
□×1→劒	…可回而求福乎？□刃钩之，直兵推…
□×1→戹	…曰：“两贤岂相□哉！”丁公引还…
□×1→垅	…难为工也。疏远□亩之臣，无望高…
□×1→	…先圣之成论兮，□名贤之高风；
…
□×1→	…憛而洞疑；高阳□其超远兮，世孰…
□×1→擅	…祸兮，憎权臣之□强；黜楚子于南…
□×1→	…讨臧仓之愬知；□子反于彭城兮，…
□×1→虢	…乃假道于虞以灭□，师还遂袭虞，…
□×1→髴	…兮，似至人之髣□。盖隐约而得道…
□×1→纴	…嗣不育，纺绩织□，了无女工，家…
□×1→勑	…黄门持被覆豹，□令勿惊，由是数…
□×1→防	…性方直，常慕史□、汲黯之为人。…
□×1→腰	…罪之重者，乃至□斩。伤忠臣之情…
□×1→汚	…败乱君臣之节，□伤父子之恩，众…
□×1→勑	…可害其子也！”□县出升，复署永…
□×1→戹	…人不备，穷人于□，不得断人支体…
□×1→	…”伏惟陛下躬日□之听，温三省之…
□×1→戹	…始之缺，五际之□，其咎由此。岂…
□×1→鼈	…，杀鸟兽，害鱼□，城傍竹柏之叶…
□×1→瓆	…。
太原太守刘□、南阳太守成□…
□×1→瓆	…。三公上书乞哀□等，不见采察，…
□×1→鬭	…不孝，则日食星□。比年日食于正…
□×1→缺	…也。陛下诚宜虚□数郡，以俟振旅…
□×1→弥	…召，财货连毂，□竟川泽。唯奋无…
□×1→戹	…诃之曰：“君困□瞀乱邪！”语遂…
□×1→爇	…交缚两炬，三头□火，营中星列。…
□×1→阸	…其振危急，赴险□，有足壮者。堪…
□×1→剑	…姓，尽以家财募□客，邀暠于诸陵…
□×1→剑	…其处。每出，辄□戟随身，壮士自…
□×1→敕	…将军”。灵帝特□三府精选能吏，…
□×1→戹	…百余人，遭离饥□，死者将半。朝…
□×1→敕	…起。帝闻之，常□驺骑临朝乃告，…
□×1→敕	…十七年，卒。遗□薄葬，一无所用…
□×1→敕	…贤多见废弃，宜□郡国简用良俊。…
□×1→敕	…帝览之而悲叹，□二郡并令从之。…
□×1→敕	…重之，常指识以□戒贵戚，激厉左…
□×1→敕	…林十余年，以谨□见幸。显宗即位…
□×1→闘	…行在所。帝案行□处，知鲂力战，…
□×1→勑	…其礼。帝善之，□延从驾到鲁。还…
□×1→劒	…尽郡界，赐钱及□带佩刀还郡，于…
□×1→熹	…
三年，征代赵□为太尉；八年，…
□×1→勑	…临殁悉还赐物，□妻子褐巾布衣素…
□×1→敇	…中。帝闻震怒，□宦者李歙急呼腾…
□×1→敕	…年秋，商病笃，□子冀等曰：“吾…
□×1→鬬	…臂鹰走狗，骋马□鸡。初为黄门侍…
□×1→煑	…遂令左右进鸩加□饼，帝即日崩。…
□×2→嗁防	…妖态，作愁眉，□□，墯马髻，折□…
□×1→腰	…□，墯马髻，折□步，龋齿笑，以…
□×1→窻	…镂，加以铜漆；□牖皆有绮疏青琐…
□×1→劔	…奏冀入朝不趋，□履上殿，谒赞不…
□×1→敕	…，又疑为着党，□中都官移檄捕前…
□×1→敕	…以防其变。具瑗□吏收恽，以辄从…
□×1→勑	…嗣爵，奋称纯遗□，固不肯受。帝…
□×1→勑	…，风县杀之。褒□吏曰：“夫绝人…
□×1→勑	…通汉仪十二篇，□褒曰：“此制散…
□×1→擅	…尚书张敏等奏褒□制汉礼，破乱圣…
□×1→沿	…袭礼，五帝不相□乐，所以咸、茎…
□×1→截	…前后相违，皆断□小文，媟黩微辞…
□×1→昃	…
是以文王有日□之劳，周公执吐…
□×1→弃	…莫之报。父不可□，名不可废。”…
□×1→勑	…卒，年七十。遗□诸子曰：“昔延…
□×1→劔	…，大将军梁冀带□入省，陵呵叱令…
□×1→劔	…羽林、虎贲夺冀□。冀跪谢，陵不…
□×1→戹	…族人桓元卿同饥□，而荣讲诵不息…
□×1→弃	…莫敢至者。典独□官收敛归葬，服…
□×1→勑	…曰：“昔孙叔敖□其子，受封必求…
□×1→弃	…袭封。
谨自放□，逐求良医。如…
□×1→擅	…临政，宪兄弟各□威权。鸿因日食…
□×1→勑	…
今大将军虽欲□身自约，不敢僭…
□×1→勑	…虽奉符玺，受台□，不敢便去，久…
□×1→简	…乃书诸将名于竹□，署其前后，乱…
□×1→鬭	…士卒骄富，莫有□志。尚计缓之则…
□×1→勑	…众闻咸愤踊，尚□令秣马蓐食，明…
□×1→寖	…风威稍薄，寇攘□横，缘隙而生，…
□×1→擅	…臣，不禀君命，□平二国，春秋之…
□×1→防	…似谨厚，独令主□，暮辄执缚。贼…
□×1→防	…曰：“谭为诸君□，恒得遗余，余…
□×1→勑	…垦田多减，故诏□区种，增进顷亩…
□×1→勑	…亦通为租。可申□刺史、二千石，…
□×1→瑨	…，而南阳太守成□、太原太守刘□…
□×1→弃	…惠政。后思母，□官还乡里。及母…
□×1→弃	…为天下笑！”即□印绶，追至东海…
□×1→勑	…孙改之。乃遗书□子胤曰：“夫含…
□×1→弃	…还合粪土。土为□物，岂有性情，…
□×1→弃	…末，务礼之华，□礼之实，单家竭…
□×1→杞	…奋翔之用，退有□梁一介之死。凉…
□×1→虚	…兽骇值锋，机不□掎，弦不再控，…
□×1→裴	…大辂鸣鸾，容与□回，集乎豫章之…
□×1→	…记曰：“鹥，鹥□也，以名自呼，…
□×1→鸡	…以名自呼，大如□，生卵于荷叶上…
□×1→肇	…内，更造夫妇，□有父子，君臣初…
□×1→弃	…上务。遂令海内□末而反本，背伪…
□×1→勑	…乎？尚书曰：“□天之命，惟时惟…
□×1→亘	…之大律，其畴能□之哉？唐哉皇哉…
□×1→亘	…。”畴，谁也。□犹竟也。唐哉谓…
□×1→叙	…，否正直，而不□杀身成仁之为美…
□×1→嗁	…老小攀车叩马，□呼相随，日裁行…
□×1→	…愚愿陛下中宫严□宪等闭门自守，…
□×1→弃	…，所刑免甚众，□官奔走者数十人…
□×1→稸	…郊，种乃大储粮□，勤厉吏士，贼…
□×1→稸	…援为朔方太守，□怒以待之。初，…
□×1→弃	…义，选人所长，□其所短，录其小…
□×1→阸	…诸将俱进，贼拒□不得前。及马援…
□×1→弃	…日，遭天下乱，□之荆棘；数日兵…
□×1→汚	…必族灭，不敢多□染人，诚冀陛下…
□×1→劒	…得，错怒，自以□刺杀尊。国相举…
□×1→湼	…近令从官古霸问□阳主疾，使还，…
□×1→劒	…哭泣尽哀，赐御□于陵前。初，苍…
□×1→劒	…，取官属车马刀□，下至卫士米肉…
□×1→遒	…封代兄便亲为勃□亭侯。
代立十…
□×1→遒	…元年，桓帝立勃□亭侯便亲为恢嗣…
□×1→劒	…三人皆流涕，伏□自杀。事见史记…
□×1→擅	…临朝，窦宪兄弟□权，太后及宪等…
□×1→劒	…地莫敢动。晖拔□前曰：“财物皆…
□×1→汚	…命，诚恐以财货□君。今而相送，…
□×1→戹	…星，明年当有小□。宜急诛奸臣为…
□×1→戹	…孤而不恤，贤者□而不存。故田蚡…
□×1→弛	…和之末，纲纪少□，颇失人望。四…
□×1→劒	…第。其钱布、刀□、衣物，前后累…
□×1→寖	…理，轻侮道术，□以成俗，诚非诏…
□×1→擅	…夺人财物。景又□使乘驿施檄缘边…
□×1→擅	…言者。安乃劾景□发边兵，惊惑吏…
□×1→弃	…知旧议，而欲背□先恩。夫言行君…
□×1→擅	…。时大将军梁冀□朝，内外莫不阿…
□×1→弃	…及天下大乱，忠□官客会稽上虞。…
□×1→敇	…有尽节之心，检□宾客，未尝犯法…
□×1→敕	…，帝因令小黄门□蕃曰：“阴阳不…
□×1→敇	…相。酺病临危，□其子曰：“显节…
□×1→劔	…肃宗尝赐诸尚书□，唯此三人特以…
□×1→敇	…所甘心。”故常□妻子，若卒遇飞…
□×1→勑	…田虑先往降之。□虑曰：“兜题本…
□×1→弃	…黎弇曰：“汉使□我，我必复为龟…
□×1→弛	…干为假司马，将□刑及义从千人就…
□×1→弃	…奄忽僵仆，孤魂□捐。昔苏武留匈…
□×1→弃	…家累世之功，下□忠臣竭力之用，…
□×1→匄	…触死为超求哀，□超余年。一得生…
□×1→弃	…腰斩始，同产皆□市。超少子勇。…
□×1→弃	…宜闭玉门关，遂□西域。勇上议曰…
□×1→弃	…
“朝廷前所以□西域者，以其无…
□×1→弃	…亡四海。故孝元□珠崖之郡，光武…
□×1→熹	…毁太学，太尉赵□以为太学、辟雍…
□×1→弃	…乌桓闻之，当复□军还救。非唯无…
□×1→弃	…。
劭畏操诛，□郡奔冀州牧袁绍…
□×1→鼂	…而班固引之以为□错赞词。
又删…
□×1→弃	…有姬姜丝麻，不□憔悴菅蒯，盖所…
□×1→防	…。”旃，之也。□音袭。缇，赤色…
□×1→防	…：“袭英衣兮缇□。”谓鲜明之衣…
□×1→攀	…御史将云下，云□殿槛折。云呼曰…
□×1→癎	…也。哺乳多则生□病，富贵盛而致…
□×1→弃	…化好者矣。智者□短取长，以致其…
□×1→勑	…之爱日。是以尧□羲和，钦若昊天…
□×1→	…明之哉？
夫谨□之人，身不蹈非…
□×1→弃	…。叛散五经，灭□风、雅。百家杂…
□×1→弃	…猎。荒废庶政，□亡人物，澶漫弥…
□×1→弛	…画一之法。斯实□张之弘致，可以…
□×1→弃	…巾贼起，郡县皆□城走，宠有强弩…
□×1→弃	…年，意遭黄巾，□国走。贼平复国…
□×1→勑	…本家。自选择谨□奴婢二百人，其…
□×1→昞	…元二年，和帝立□小子侧复为常山…
□×1→昞	…复为常山王，奉□后，是为殇王。…
□×1→弃	…年，遭黄巾贼，□国走，建安十一…
□×1→韎	…云‘以雅以南，□任朱离’。今掸…
□×1→弃	…矣。参前数言宜□西域，乃为西州…
□×1→戹	…年，少壮惧于困□。陛下以百姓为…
□×1→弃	…对，耻为所辱，□官还乡里。后四…
□×1→防	…帝以后，法禁稍□，京师劫质，不…
□×1→	…谟。幽灵潜翳，□哉缅矣！操以幼…
□×1→弛	…。
是以王纲纵□于上，智士郁伊…
□×1→防	…乃理哉？期于补□决坏，枝柱邪倾…
□×1→弃	…不胜众，遂见摈□。虽稷、契复存…
□×1→弃	…百，当斩右趾者□市。右趾者既殒…
□×1→弃	…，遵先圣之风，□苟全之政，蹈稽…
□×1→絍	…，为作纺绩、织□、綀缊之具以教…
□×1→鼂	…言当世理乱，虽□错之徒不能过也…
□×1→	…与，安邑令闻，□吏常给焉。仲叔…
□×1→弃	…，妄相侵犯。’□物而去。肱车中…
□×1→餁	…在下，水在上，□之象也。馈，食…
□×1→勑	…召，故宜有尚书□。”遂拒不许，…
□×1→鬬	…，三边震扰，战□之役至今未息，…
□×1→劔	…游欲得尚方斩马□以理之，固其宜…
□×1→勑	…成其患。且欲切□刺史、二千石，…
□×1→弃	…食之则无所得，□之则如可惜，公…
□×1→勑	…，乃逆为答记，□守舍儿：“若有…
□×1→肇	…为清河王。皇子□保育皇后，承训…
□×1→肇	…正义明哉！今以□为皇太子。”遂…
□×1→敕	…氏，帝更怜之，□皇后令衣服与太…
□×1→弃	…强弱，非明也；□善取恶，非智也…
□×1→敕	…旦闻下太尉王公□令自实，未审其…
□×1→敕	…伏欧刀。又奏请□四府条举近臣父…
□×1→剑	…知所为。暠乃手□当车，曰：“太…
□×1→劔	…多避兵冲。拂挥□而出曰：“为国…
□×1→弃	…孝武皇帝身所废□，不可以为比。…
□×1→简	…之后。陶为人居□，不修小节。
…
□×1→剑	…奸臧，于是剽轻□客之徒过晏等十…
□×1→勑	…赐奏下诏书，切□州郡，护送流民…
□×1→冗	…难与齐列，乞从□散，拜侍中。以…
□×1→阸	…，东之函谷，据□高望。今果已攻…
□×1→鬭	…之心，而无一前□生之计。西寇浸…
□×1→擅	…。梁冀虽持权专□，虐流天下，今…
□×1→腰	…谏，成帝赦朱云□领之诛。今日杀…
□×1→冗	…，皆当盛其玩饰□食空宫，劳散精…
□×1→杞	…谤。邹衍匹夫，□氏匹妇，尚有城…
□×1→弃	…，事不相赡，欲□凉州，并力北边…
□×1→弃	…今惮小费，举而□之。凉州既□，…
□×1→弃	…属于汉故也。若□其境域，徙其人…
□×1→弃	…所举郡将丧，乃□官行服。
后为…
□×1→弃	…司徒崔烈以为宜□凉州。诏会公卿…
□×1→坛	…洪。洪乃摄衣升□，操血而盟曰：…
□×1→佃	…史岱、豫州刺史□、陈留太守邈、…
□×1→弃	…零扰疆，邓、崔□凉。诩、燮令图…
□×1→鼃	…翅故栖，吾感去□附鸱，悲尔先笑…
□×1→	…首以遥望兮，魂□惘而无畴。偪区…
□×1→防	…高阳之相寓兮，□颛顼之宅幽。庸…
□×1→礰	…而微笑兮，颜的□以遗光。
献环…
□×1→龟	…河之洋洋。伏灵□以负坻兮，□螭…
□×1→劒	…袂而就车兮，修□揭以低昂。
冠…
□×1→藐	…象兮，烂漫丽靡□以迭逿。凌惊雷…
□×1→栢	…不可阶仙夫希，□舟悄悄吝不飞。…
□×1→叙	…司马迁、班固所□与典籍不合者十…
□×1→弃	…，躬自菲薄，荒□禁苑，废□乐悬…
□×1→	…宇，恢胎旷荡，□敻勿罔，寥豁郁…
□×2→	…峨峨硙硙，锵锵□□，隆穹盘回，嵎…
□×1→防	…充衢塞隧，葩华□布，不可胜计。…
□×1→轥	…，音卫，谓车轴□而杀之。
说文…
□×1→	…虎，搏狂兕，狱□熊，抾封狶。或…
□×1→	…“斥，大也”。□亦狂也，音吉曳…
□×1→罟	…
“鲁宣公夏滥□于泗川，里革断…
□×1→罟	…今鱼方孕，又行□，贪无蓺也。’…
□×1→鼈	…也。”周礼：“□人掌以时簎鱼□…
□×1→	…衰斐之晋制，阐□华羽之南音，所…
□×1→寗	…胶鬲于鱼盐，听□戚于大车。俾之…
□×1→斾	…乐既阕，北辕反□，至自新城，背…
□×1→擅	…璜、左悺等五侯□恣，闻邕善鼓琴…
□×1→敕	…琴，遂白天子，□陈留太守督促发…
□×1→弛	…，天网纵，人纮□，王涂坏，太极…
□×1→弃	…曹。”遗轻谓若□轻细之物而去，…
□×1→丕	…道惟融，帝猷显□，汦汦庶类，含…
□×1→暬	…夫世臣、门子，□御之族，天隆其…
□×1→龟	…，予之辜也。
□凤山翳，雾露不…
□×1→簺	…制。格五，今之□也。东方朔以善…
□×1→憙	…待制鸿都门下，□陈方俗闾里小事…
□×1→憙	…伏见幽州刺史杨□、益州刺史庞芝…
□×1→憙	…奉公疾奸之心，□等所纠，其效尤…
□×1→弛	…与下同疾，纲网□纵，莫相举察，…
□×1→敕	…子像。其诸生皆□州郡三公举用辟…
□×1→冗	…至言矣。臣之愚□，职当咎患，但…
□×1→弃	…大臣，大不敬，□市。事奏，中常…
□×1→敕	…旋踵矣。”又切□州郡举邕诣府，…
□×1→叙	…、劝学、释诲、□乐、女训、篆势…
□×1→戹	…至引陛下身遭难□，以为警戒，实…
□×1→擅	…达政体，而宦竖□权，终不能用。…
□×1→鼈	…以水为城国，鱼□为民庶。水尽鱼…
□×1→勑	…扰下竭。宜密严□州郡，察强宗大…
□×1→勑	…，息除烦费。明□近臣，使遵法度…
□×1→虢	…宣王不籍千亩，□文公以为大讥，…
□×1→坛	…徒咸戒，司空除□。先时五日，有…
□×1→墢	…官御事。王耕一□，班三之，庶人…
□×1→墢	…于姜氏之戎。
□音扶发反。
顷…
□×1→擅	…望之。寻而五侯□权，倾动内外，…
□×1→劒	…帝应天顺民，奋□而王，埽除秦、…
□×1→擅	…日乱，遂使奸佞□朝，外戚专恣。…
□×1→坛	…天子降寝殿，设□席，尚书奉引，…
□×1→弃	…为神君。顷之，□官归，闲居养志…
□×1→叙	…是来备，各以其□也。
昔者圣人…
□×1→截	…其轨。传曰：“□趾适履，孰云其…
□×1→弃	…要。
奏闻，即□官去。 后遭党…
□×1→叙	…立国典。于是缀□旧书，以述汉纪…
□×1→擅	…中世以下，阉竖□恣，故俗遂以遁…
□×1→坛	…谋楚，王孙圉设□西门，陈列名臣…
□×1→窻	…；募求好马，临□呈试。出入逾侈…
□×1→煑	…能言，曰：“食□饼，今腹中闷，…
□×1→汚	…“掾以亲故，受□秽之名，所谓‘…
□×1→劒	…由基怒，释弓搤□曰：“客安能教…
□×1→防	…二弟阶宠，终用□慢，卒周有播荡…
□×1→懕	…葵，使吾终年不□菜；吾西蝰人失…
□×1→勑	…，皆由于此。宜□收拾，以安游魂…
□×1→敕	…三年卒。临困，□其子俭葬于土穴…
□×1→戹	…壁中数年，岐作□屯歌二十三章。…
□×1→弛	…谓福也。如其怠□，将沦波涛。可…
□×1→擅	…刺史胡芳，言规□远军营，公违禁…
□×1→鬭	…退。颎追之，且□且行，昼夜相攻…
□×1→擅	…匈奴、种羌，并□其地，是为汉疽…
□×1→勑	…一人为郎中。”□中藏府调金钱彩…
□×1→鬬	…遂与相连缀，且□且引，及于灵武…
□×1→弃	…者。羌遂大败，□兵而走。追之三…
□×1→弃	…郎中。遭母忧，□官行丧。服阕，…
□×1→	…使其然乎？宜严□三府，隐核牧守…
□×1→戹	…之世，有三空之□哉！田野空，朝…
□×1→瓆	…，前太原太守刘□、南阳太守成□…
□×1→嗁	…闻臣是言，当复□诉。陛下深宜割…
□×1→瓆	…，不敢加害。
□字文理，高唐人…
□×1→防	…乘昕、王甫、郑□等与赵夫人诸女…
□×1→弃	…蕃曰：“先帝新□天下，山陵未成…
□×1→弃	…，而路佛以之废□。
允少好大节…
□×1→儁	…嵩、右中郎将朱□等受降数十万。…
□×1→劔	…。而素轻布，以□客遇之。布亦负…
□×1→瑨	…滂，南阳太守成□亦委功曹岑晊，…
□×1→防	…魏朗、赵典、朱□为“八俊”。
…
□×1→檀	…危社稷。以俭及□彬、褚凤、张肃…
□×1→防	…及郡县未详。朱□，沛人，与杜密…
□×1→弃	…畏威明，多望风□官。复征，再迁…
□×1→防	…心膂。窃见左校□刑徒前廷尉冯绲…
□×1→坛	…’恤自居西面之□，称曰：‘客观…
□×1→弃	…多取货赂，慈遂□官去。征拜议郎…
□×1→弃	…孙，而为乡曲所□，中常侍唐衡以…
□×1→瑨	…。时南阳太守成□等以收纠宦官考…
□×1→弃	…性佞邪，为俭所□，并怀怨恚，遂…
□×1→瑨	…纵横。晊与牧劝□收捕泛等，既而…
□×1→弃	…以郡守非其人，□官去。家无产业…
□×1→戹	…计议。其穷困闭□者，为求援救，…
□×1→憙	…人也。性轻悍，□与人报雠，为郡…
□×1→	…谢负，遂改节自□。后以烈气闻，…
□×1→弃	…姑曰：“今当见□，方与黄氏长辞…
□×1→弃	…薄子，并以罪废□。
融益以知名…
□×1→弃	…：“古之亡者，□之中野。
唯妻…
□×1→匄	…及载肴粮于路，□施贫民。兄子绍…
□×1→卨	…，此诚陛下稷、□、伊、吕之佐，…
□×1→防	…密、庐江太守朱□等，列于朝廷；…
□×1→防	…将发，于是以朱□为司隶校尉，刘…
□×1→劔	…前殿。”令帝拔□踊跃，使乳母赵…
□×1→廐	…将虎贲、羽林、□驺、都候、□戟…
□×1→擅	…领属焉。
硕虽□兵于中，而犹畏…
□×1→弃	…废也。且先帝新□天下，我柰何楚…
□×1→劔	…后。
贡至，手□斩数人，余皆投…
□×1→弃	…。进不能用，乃□官去。谓颍川人…
□×1→弃	…不教人战，是谓□之。’其众虽多…
□×1→弃	…之民相聚为非，□德恃众，自亏威…
□×1→剑	…官属耻之，私遣□客欲追杀融。客…
□×1→齓	…臣愚以为诸在冲□，圣慈哀悼，礼…
□×1→弃	…儒而损，今令不□文学；夏、商亦…
□×1→弃	…。”书奏，下狱□市。时年五十六…
□×1→稸	…而收熟麦，约食□谷，以资一举，…
□×1→弃	…困矣。夫事固有□彼取此，以权一…
□×1→弃	…若南征刘表，委□兖、豫，饥军深…
□×1→勑	…事已露，晨夜驰□诸方，一时俱起…
□×1→勑	…京师震动。
诏□州郡修理攻守，…
□×1→勑	…遂大风，嵩乃约□军士皆束苣乘城…
□×1→弃	…忍一餐之遇，而□三分之业，利□…
□×1→鬭	…穷寇也。困兽犹□，蜂虿有毒，况…
□×1→鬭	…国众且走，莫有□志。以整击乱，…
□×1→弃	…为州所奏，罪应□市。儁乃羸服闲…
□×1→擅	…南尹。
时董卓□政，以儁宿将，…
□×1→弃	…惧为卓所袭，乃□官奔荆州。卓以…
□×1→劒	…光定策，延年案□。有敢沮大议，…
□×1→劒	…国，入朝不趋，□履上殿。封母为…
□×1→齓	…。其子孙虽在髫□，男皆封侯，女…
□×1→煑	…凿其眼目，以镬□之。未及得死，…
□×1→弃	…凉州人，诸君若□军单行，则一亭…
□×1→弃	…。汜恐变生，乃□军还就李傕。车…
□×1→弃	…者不可胜数，皆□其妇女辎重，御…
□×1→叙	…得其便。外兄姜□屯历城，阜少长…
□×1→叙	…事，歔欷悲甚。□曰：‘何为尔？…
□×1→叙	…视息天下？’时□母慨然□从阜计…
□×1→戹	…入元百六岁有阳□，故曰“百六之…
□×1→勑	…，告天子避位，□公卿奉迎。纯又…
□×1→呪	…于蓟市。先坐而□曰：“若虞应为…
□×1→煮	…粮尽食马，马尽□弩楯，力战不敌…
□×1→弃	…首三万余级。贼□其车重数万两，…
□×1→弃	…，以济君父，而□置节传，
迸窜…
□×1→戹	…不遑启处。
鸟□归人，滀水陵高…
□×1→稸	…力，纠人完聚，□保燕、蓟之饶，…
□×1→伷	…与王匡屯河内，□屯颍川，馥屯邺…
□×1→鬬	…：“大丈夫当前□死，而反逃垣墙…
□×1→稸	…天子而令诸侯，□士马以讨不庭，…
□×1→擅	…闻勤王之师而但□相讨伐。绍上书…
□×1→杞	…之应，故邹衍、□妇何能感彻。
…
□×1→弃	…举用，皆众所捐□。而容纳其策，…
□×1→弃	…坐受围者也。今□万安之术，而兴…
□×1→擅	…，禄、产专政，□断万机，决事禁…
□×1→孽	…悺、徐璜并作妖□，饕餮放横，伤…
□×1→弃	…夏，广罗英雄，□瑕录用，故遂与…
□×1→柏	…，坟陵尊显，松□桑梓犹宜恭肃。…
□×1→防	…今汉道陵迟，纲□网绝，操以精兵…
□×1→鬬	…右手也。譬人将□而断其右手，曰…
□×1→弃	…如是者可乎？夫□兄弟而不亲，天…
□×1→弃	…实沈之忿已成，□亲即雠之计已决…
□×1→弃	…一世也。
未有□亲即异，兀其根…
□×1→弃	…况忘先人之雠，□亲戚之好，而为…
□×1→弃	…有鼻之封。愿捐□百痾，追摄旧义…
□×1→敷	…之上，配等亦当□躬布体以听斧锧…
□×1→坛	…祖庙。
承制设□墠于襄平城南，…
□×1→擅	…任至重。今释众□来，必见谴怒。…
□×1→擅	…者。称雄河外，□强南夏。鱼俪汉…
□×1→防	…韪以此遂屯兵朐□备表。
初，南…
□×1→弃	…时而动，众之所□，谁能兴之！”…
□×1→鬬	…之。布性不喜合□，但喜解□耳。…
□×1→鬬	…兵，不中可留决□。”布即一发，…
□×1→籞	…骑士。损上林池□之官，废骋望弋…
□×1→擅	…雅之士。
后坐□诛羌不先上，左…
□×1→	…景字仲通，乐浪□邯人也。八世祖…
□×1→墕	…浚仪渠。吴用景□流法，水乃不复…
□×1→弥	…汴渠东侵，日月□广，而水门故处…
□×1→	…庙树碑。
荆孙□，灵帝时为太尉…
□×1→弃	…民所爱。母疾，□官去。百姓将送…
□×1→呪	…。
恢闻而出，□虎曰：“天生万…
□×1→弃	…碑。闻举将丧，□官归。后举茂才…
□×1→腰	…，伤化不道，坐□斩。破碎头脑言…
□×1→防	…陵侯相。廷掾惮□严明，欲损其威…
□×1→防	…手足，立寺门。□闻，便往至死人…
□×1→劒	…头与争，延遂拔□拟笃，而肆詈恣…
□×1→防	…位，太傅邓彪奏□在任过酷，不宜…
□×1→防	…其祸。然笃等以□公正，而怨隙有…
□×1→勑	…观。昌不喜，遂□收付狱，案杀之…
□×1→汚	…条奏长吏苛酷贪□者，皆罢免之。…
□×1→勑	…曰：“伏承有诏□中尚方为鸿都文…
□×1→勑	…次表曹节等，乃□中都官从事曰：…
□×1→勑	…时球出谒陵，节□尚书令召拜，不…
□×1→劒	…。
若夫高冠长□，纡朱怀金者，…
□×1→劒	…元九年，监作秘□及诸器械，莫不…
□×1→勑	…安帝始亲万机，□使自致廷尉。伦…
□×1→截	…谋于西钟下，皆□单衣为誓。四日…
□×1→劒	…镇，不中。镇引□击景墯车，左右…
□×1→	…。
而览伺候遮□，章竟不上。俭…
□×1→戹	…不敢食。民有斯□，而莫之恤。宫…
□×1→弃	…民无褐衣；池有□酒，士有渴死；…
□×1→稸	…能用。
时帝多□私臧，收天下之…
□×1→廐	…引司农之臧，中□聚太仆之马，而…
□×1→勑	…但任尚书，或复□用。如是，三公…
□×1→	…自系廷尉，有诏□出。后复引见，…
□×1→敕	…病不之官。诏书□司隶催促发遣，…
□×1→敕	…道物故。临命，□兄子造曰：“必…
□×1→劒	…陈留太守，赐刀□钱物。元和二年…
□×1→弃	…晔耻于厮役，遂□车马去。到犍为…
□×1→戹	…同符二祖，劳谦□运，三年乃讙。…
□×1→鍝	…，未详形制。”□音牛于反。埤苍…
□×1→鍝	…反。埤苍曰：“□，锯也。”
案…
□×1→防	…。吴娃死，何爱□，主父怜章北面…
□×1→	…出不得，饥探雀□而食之，三月余…
□×1→齓	…，聪明贤智。髫□夙孤，不尽家训…
□×1→防	…作为资，暮还辄□柴以读书。常以…
□×1→叙	…冀一见龙光，以□腹心之愿。不图…
□×1→戹	…纂承基绪，遭遇□运，劳谦日□。…
□×1→勑	…得自谢。操喜，□门者有客便通，…
□×1→敕	…本郡祠以中牢，□所在还玄家钱。…
□×1→剑	…！”乃对使者伏□而死。
是时犍…
□×1→劒	…士死节，可赐以□。”序受□，衔…
□×1→劒	…须污土。”遂伏□而死。
序主簿…
□×1→弃	…思乡里。”寿即□官，上书乞骸骨…
□×1→鼂	…。时西部都尉宰□行太守事，以微…
□×1→鼂	…离意争谏甚切，□怒，使收缚意，…
□×1→鼂	…，请闻其过。”□曰：“受教三日…
□×1→鼂	…主簿为忠臣。”□遂原意罚，贳狱…
□×1→劒	…及于府君，燕手□相刃。”使*[…
□×1→	…岂为鄙哉！”式□县代嵩，嵩以为…
□×1→愍	…见一书生疾困，□而视之。书生谓…
□×1→腰	…病，命在须臾，□下有金十斤，愿…
□×1→劒	…每节，常持父遗□，至亡处祭醊，…
□×1→	…而好之，自是常□会稽郡献越布。…
□×1→鬬	…求分异，又数有□争之言。肜深怀…
□×1→劒	…王陵母对汉使伏□，以固其志，尔…
□×1→匄	…或骑驴入市，乞□于人。
或悉要…
□×1→咒	…自暴庭中，慷慨□曰：“辅为股肱…
□×1→劒	…。”后有老父遗□于路，行道一人…
□×1→劒	…，老父还，寻得□，怪而问其姓名…
□×1→坛	…之府，封縢于瑶□之上者，靡得而…
□×1→敕	…日，如期果卒。□其子曰：“汉末…
□×1→敕	…
由尝从人饮，□御者曰：“酒若…
□×1→鬬	…向社中木上有鸠□，此兵贼之象也…
□×1→鬬	…言到葭萌，与吏□头破者，以此膏…
□×1→鬬	…？”像曰：“昔□子文有言：‘我…
□×1→坛	…，天子乃为英设□席，令公车令导…
□×1→弛	…风流可知矣。虽□张趣舍，时有未…
□×1→檀	…生四子，祗复问□变异之应。檀以…
□×1→檀	…是时白虹贯日，□因上便宜三事，…
□×1→弃	…其咎征。书奏，□官去。著书二十…
□×1→坛	…姓惶惧。穆乃设□谢曰：“百姓有…
□×1→弃	…而不加功。无何□去，又留书骂之…
□×1→敕	…操累书呼之，又□郡县发遣，佗恃…
□×1→防	…漆叶屑一斗，青□十四两，以是为…
□×1→防	…叶处所而有。青□生于丰、沛、彭…
□×1→敕	…，付其一札，以□葛陂君。魅叩头…
□×1→敕	…到蜀买锦，可过□使者，增市二端…
□×1→防	…后帝德稍衰，邪□当朝，处子耿介…
□×1→敕	…男女娶嫁既毕，□断家事勿相关，…
□×1→鬬	…乡佐相闻，期克□日。既交刃，而…
□×1→敕	…既悟而去。自此□身修志，州里称…
□×1→鬬	…争财者，持兵而□，凤往解之，不…
□×1→	…并不兼书。余但□次才行尤高秀者…
□×1→弛	…眉散贼经诗里，□兵而过，曰：“…
□×1→尫	…男如狼，犹恐其□；生女如鼠，犹…
□×1→汚	…况拾遗求利，以□其行乎！”羊子…
□×1→敕	…八十余卒。临终□诸子曰：“吾弟…
□×1→邈	…：“妾姊高行殊□，未遭良匹，不…
□×1→敕	…，犹忧致愤激，□卫甚严。女既到…
□×1→敕	…至曙而出。采因□令左右辨浴。既…
□×1→廐	…文姬曰：“明公□马万匹，虎士成…
□×1→	…所向悉破亡。斩□无孑遗，尸骸相…
□×1→邈	…路险且阻。还顾□冥冥，肝脾为烂…
□×1→戹	…者何辜，乃遭此□祸！边荒与华异…
□×1→扄	…，夜悠长兮禁门□。不能寐兮起屏…
□×1→	…武乙衰敝，东夷□盛，遂分迁淮、…
□×1→鬬	…仁而无权，不忍□其人，故致于败…
□×1→憙	…东夷率皆土著，□饮酒歌舞，或冠…
□×1→鬬	…，有气力，习战□，好寇钞，沃沮…
□×1→阸	…之，遂成因据险□以遮大军，而潜…
□×1→幷	…万余人，与州郡□力讨破之，斩首…
□×1→鬬	…后，不与县官战□而自以亲附送生…
□×1→喜	…挹娄。
挹娄人□乘船寇抄，北沃…
□×1→檀	…共持之。
乐浪□弓出其地。又多…
□×1→喜	…皆以铁为货。俗□歌舞饮酒鼓瑟。…
□×1→岛	…
马韩之西，海□上有州胡国。其…
□×1→岛	…南大海中，依山□为居，凡百余国…
□×1→腝	…山有丹土。气温□，冬夏生菜茹。…
□×1→简	…。”若箕子之省□文条而用信义，…
□×1→弃	…斩儿健首，余皆□营走还溇中，复…
□×1→弃	…受而不逆，叛则□而不追。先帝旧…
□×1→弃	…。帝闻之，征肃□市，度、睦减死…
□×1→鬭	…至领南，不复堪□。其不可四也。…
□×1→劒	…事鬼神，乃共掷□于石穴，约能中…
□×1→麫	…桄桹木，可以为□，百姓资之。公…
□×1→麫	…难伤，入数寸得□，赤黄密致，可…
□×1→弃	…夷闻大兵至，皆□垒奔走，尚获其…
□×1→弃	…劳师远役，不如□之。太尉掾巴郡…
□×1→	…木若有感，因怀□，十月，产子男…
□×1→鸡	…蛉县禺同山有碧□金马，光景时时…
□×1→煑	…药。地有咸土，□以为盐，麡羊牛…
□×1→款	…能开四夷之境，□殊俗之附。若乃…
□×1→虢	…荒服不朝，乃命□公率六师伐太原…
□×1→劒	…云。
羌无弋爰□者，秦厉公时为…
□×1→劒	…得免。羌人云爰□初藏穴中，秦人…
□×1→劒	…奴为无弋，以爰□尝为奴隶，故因…
□×1→劒	…世为豪。 至爰□曾孙忍时，秦献…
□×1→劒	…击破降之。从爰□种五世至研，研…
□×1→鬬	…信伐之，乃募人□诸羌胡，羌胡不…
□×1→防	…旱蝗饥荒，而驱□劫略，流离分散…
□×1→弃	…，随道死亡，或□捐老弱，或为人…
□×1→弃	…兵二十余万人，□农桑，疲苦徭役…
□×1→阸	…
北阻山河，乘□据险。因渠以溉…
□×1→弃	…荒二十余年。夫□沃壤之饶，损自…
□×1→劒	…数千级。
自爰□后，子孙支分凡…
□×1→鬬	…端。其从汉兵战□，随势强弱。被…
□×1→	…其内属者，或倥□于豪右之手，或…
□×1→弃	…州难援，宜见捐□；或惧疽食浸淫…
□×1→弃	…如又不能，则宜□交河城，收鄯善…
□×1→弃	…势必南攻鄯善，□而不救，则诸国…
□×1→防	…为西域长史，将□刑士五百人，西…
□×1→勑	…复参其典法。常□诸子，当世奉汉…
□×1→阸	…龟兹相连，道险□易守。有海水曲…
□×1→	…呼韩邪来朝，帝□以宫女五人赐之…
□×1→	…上书求归，成帝□令从胡俗，遂复…
□×1→勑	…
臣闻孝宣皇帝□边守尉曰：“匈…
□×1→劒	…之用不如良弓利□，故未以赍。朕…
□×1→防	…比之子适立。
□僮尸逐侯鞮单于…
□×1→	…信自受其曲。其□度辽及领中郎将…
□×1→	…，要在今年。已□诸部严兵马，讫…
□×1→劒	…即授玺绶，赐玉□四具，羽盖一驷…
□×1→略	…侯为单于，遂杀□吏人，燔烧邮亭…
□×1→檀	…薨，单于长之子□立。
万氏尸逐…
□×1→檀	…万氏尸逐鞮单于□，永元十年立。…
□×1→檀	…恨谋畔。
单于□立二十七年薨，…
□×1→檀	…旻出鴈门击鲜卑□石槐，大败而还…
□×1→防	…已，五年，右部□落与休着各胡白…
□×1→鬭	…。有勇健能理决□讼者，推为大人…
□×1→嫂	…俗妻后母，报寡□，死则归其故夫…
□×1→鬭	…谋从用妇人，唯□战之事乃自决之…
□×1→荔	…中，鲜卑大人燕□阳诣阙朝贺，邓…
□×1→荔	…贺，邓太后赐燕□阳王印绶，赤车…
□×1→寗	…止乌桓校尉所居□城下，通胡市，…
□×1→檀	…
桓帝时，鲜卑□石槐者，其父投…
□×1→姙	…口，因吞之，遂□身，十月而产，…
□×1→檀	…家令收养焉，名□石槐。年十四五…
□×1→檀	…取其外家牛羊，□石槐单骑追击之…
□×1→檀	…遂推以为大人。□石槐乃立庭于弹…
□×1→檀	…遂遣使持印绶封□石槐为王，欲与…
□×1→檀	…王，欲与和亲。□石槐不肯受，而…
□×1→檀	…人主领之，皆属□石槐。
灵帝立…
□×1→弃	…平城之耻，吕后□慢书之诟，方之…
□×1→弃	…或曰可讨，或曰□之。朕日夜惟思…
□×1→弃	…成郡列县，尚犹□之，况障塞之外…
□×1→檀	…出塞二千余里。□石槐命三部大人…
□×1→檀	…射猎不足给食，□石槐乃自徇行，…
□×1→檀	…食。
光和中，□石槐死，时年四…
□×1→叙	…，以合天道，事□而不悖。故传曰…
□×1→昏	…今官漏以计率分□明，九日增减一…
□×1→昏	…、晷景、漏刻、□明中星刻于下。…
□×1→迂	…，而云在牵牛。□阔不可复用，昭…
□×1→勑	…谷城门候刘洪。□曰：“前郎中冯…
□×1→昏	…刻，以考中星，□明生焉。日有光…
□×1→昬	…，其余即夜半到□所行分也。
以…
□×1→昬	…度，加夜半，则□月所在度也。
…
□×1→昬	…刻，以相增损。□明之生，以天度…
□×1→昬	…明；加定度一为□。其余四之，如…
□×1→腰	…殃，多病疝瘕、□痛。未当至而至…
□×1→腰	…年多大风，人病□痛。未当至而至…
□×1→昏	…、弱，以减节气□明中星，而各定…
□×1→劎	…侍臣着赤帻，带□入侍，三台令史…
□×1→昬	…、亢也。谓四月□，龙星体见，万…
□×1→尫	…如前。秋，暴巫□至九日。毋举火…
□×1→冗	…。中黄门行之，□从仆射将之，以…
□×1→	…，曰：“甲作食□，胇胃食虎，雄…
□×1→褠	…恶轮。走卒皆布□帻。太仆*[驾…
□×1→防	…司徒至便殿，并□骑皆从容车玉帐…
□×1→昃	…十二。
干干日□，不敢荒宁，涉…
□×1→敕	…，遵履前制，敬□慎终，有始有卒…
□×1→叙	…，所当列上下之□。上句当言天神…
□×1→鬭	…。轩辕始受河图□苞授，规日月星…
□×1→鬭	…，有大星与小星□于宫中，是其废…
□×1→叙	…。孝明帝使班固□汉书，而马续述…
□×1→鼈	…既畜，而狼蚖鱼□罔有不具。在野…
□×1→昏	…。太白、辰星见□，附于月也。二…
□×1→憙	…将相。后太尉赵□、司徒李欣坐事…
□×1→腰	…斩者，是冬班始□斩马市。”
六…
□×1→瓆	…月，太原太守刘□、南阳太守成□…
□×1→弃	…坐受金漏言，皆□市。永康元年十…
□×1→昏	…之中，晡时至黄□为日之夕。受之…
□×1→劒	…时大司农杨音案□怒曰：“小儿戏…
□×1→敕	…上以后故，但谴□之，不治其罪。…
□×1→	…而衣妇人衣绣拥□。时智者见之，…
□×1→妆	…妇女作愁眉、啼□、堕马髻、折要…
□×1→妆	…细而曲折。
啼□者，薄拭目下，…
□×1→防	…梁冀二世上将，□媾王室，大作威…
□×1→妆	…者皆以苇方笥为□具，下士尽然。…
□×1→鬬	…极悲鸣，已因乱□相杀，皆断头，…
□×1→冗	…纠黜，以隆更始□政，而太后持疑…
□×1→擅	…林以为仓卒时兵□权作威，张氏虽…
□×1→擅	…直以扰乱，乘时□权，作威玉食，…
□×1→妬	…贵人有宠，阴后□忌之，后遂坐废…
□×1→防	…塞，政在臣下，□戚干朝，君不觉…
□×1→虢	…为柙，而畜之东□，是曰虎牢。”…
□×1→虢	…*陆浑**西有□略地。**卢氏…
□×1→坛	…五十步，台南有□高二丈，方三十…
□×1→坛	…十步，即受终之□也。”案北征记…
□×1→澶	…*故属梁国，有□渊聚。  **…
□×1→坛	…墓前有瓴甓为祠□，方六尺，与地…
□×1→熹	…太尉府。时公赵□也。西曹掾安众…
□×1→熹	…乞儿为宰。”时□子世为侍中，骖…
□×1→冗	…宦者。主中黄门□从。居则宿卫，…
□×1→劒	…掌上手工作御刀□诸好器物。丞一…
□×1→擅	…，因以吴、蜀自□，自是刺史内亲…
□×1→敕	…，以明下转相督□，为民除害也。…
□×1→防	…矣，四海为此构□矣！
圣帝英君…
□×1→昏	…安其性命，无夭□暴陵之灾。是以…
□×1→	…。一曰芝车，置□耒耜之箙，上亲…
□×1→	…金鼓羽析幢翳，□胄甲弩之箙。
…
□×1→敕	…追捕考案，有所□取者之所乘也。…
□×1→	…，云气画帷裳，□文画曲轓，长悬…
□×1→劒	…县长二人，皆带□，持棨戟为前列…
□×1→	…王，倚虎伏鹿，□文画辀轓，吉阳…
□×1→	…。见鸟兽有冠角□胡之制，遂作冠…
□×1→鬪	…者，勇雉也，其□对一死乃止，故…
□×1→	…，皆以白珠鲛为□口之饰。
乘舆…
